1/727 infeasible 0.2s (3, 3) r1c1-r1c2-r1c3-r1c4-r1c5-r1c6
2/727 infeasible 0.2s (4, 2) r1c1-r1c2-r2c2-r3c2-r4c2-r4c1
3/727 infeasible 0.2s (4, 2) r1c1-r1c2-r2c2-r3c2-r4c2-r4c3
4/727 infeasible 0.2s (4, 2) r1c1-r1c2-r2c2-r3c2-r4c2-r5c2
5/727 infeasible 0.2s (4, 2) r1c1-r2c1-r2c2-r3c2-r4c2-r4c1
6/727 infeasible 0.2s (4, 2) r1c1-r2c1-r2c2-r3c2-r4c2-r4c3
7/727 infeasible 0.2s (4, 2) r1c1-r2c1-r2c2-r3c2-r4c2-r5c2
8/727 infeasible 0.2s (4, 2) r1c1-r2c1-r3c1-r3c2-r4c2-r4c1
9/727 infeasible 0.2s (4, 2) r1c1-r2c1-r3c1-r3c2-r4c2-r4c3
10/727 infeasible 0.2s (4, 2) r1c1-r2c1-r3c1-r3c2-r4c2-r5c2
11/727 infeasible 0.2s (3, 3) r1c1-r2c1-r3c1-r4c1-r4c2-r4c3
12/727 infeasible 0.2s (3, 3) r1c1-r2c1-r3c1-r4c1-r4c2-r5c2
13/727 infeasible 0.2s (3, 3) r1c1-r2c1-r3c1-r4c1-r5c1-r5c2
14/727 infeasible 0.2s (3, 3) r1c1-r2c1-r3c1-r4c1-r5c1-r6c1
15/727 infeasible 0.2s (4, 2) r1c2-r1c1-r2c1-r3c1-r4c1-r4c2
16/727 infeasible 0.2s (4, 2) r1c2-r1c1-r2c1-r3c1-r4c1-r5c1
17/727 infeasible 0.2s (2, 4) r1c2-r1c3-r1c4-r1c5-r1c6-r2c6
18/727 infeasible 0.2s (4, 2) r1c2-r2c2-r2c1-r3c1-r4c1-r4c2
19/727 infeasible 0.2s (4, 2) r1c2-r2c2-r2c1-r3c1-r4c1-r5c1
20/727 infeasible 0.2s (4, 2) r1c2-r2c2-r3c2-r3c1-r4c1-r4c2
21/727 infeasible 0.2s (4, 2) r1c2-r2c2-r3c2-r3c1-r4c1-r5c1
22/727 infeasible 0.2s (3, 3) r1c2-r2c2-r3c2-r4c2-r4c1-r5c1
23/727 infeasible 0.2s (3, 3) r1c2-r2c2-r3c2-r4c2-r4c3-r5c3
24/727 infeasible 0.2s (3, 3) r1c2-r2c2-r3c2-r4c2-r5c2-r5c1
25/727 infeasible 0.2s (3, 3) r1c2-r2c2-r3c2-r4c2-r5c2-r5c3
26/727 infeasible 0.2s (3, 3) r1c2-r2c2-r3c2-r4c2-r5c2-r6c2
27/727 infeasible 0.2s (4, 2) r1c3-r1c2-r2c2-r3c2-r4c2-r4c1
28/727 infeasible 0.2s (4, 2) r1c3-r1c2-r2c2-r3c2-r4c2-r4c3
29/727 infeasible 0.2s (4, 2) r1c3-r1c2-r2c2-r3c2-r4c2-r5c2
30/727 infeasible 0.0s (1, 4, 1) r1c3-r1c4-r1c5-r1c6-r2c6-r2c7
31/727 infeasible 0.2s (1, 4, 1) r1c4-r1c3-r1c2-r2c2-r3c2-r4c2
32/727 infeasible 0.3s (3, 3) r1c4-r1c5-r1c6-r1c7-r1c8-r1c9
33/727 infeasible 0.4s (3, 3) r1c4-r1c5-r1c6-r1c7-r1c8-r2c8
34/727 infeasible 0.4s (3, 3) r1c4-r1c5-r1c6-r1c7-r2c7-r2c8
35/727 infeasible 0.2s (3, 3) r1c4-r1c5-r1c6-r1c7-r2c7-r3c7
36/727 infeasible 0.2s (4, 2) r1c4-r1c5-r1c6-r2c6-r2c7-r1c7
37/727 infeasible 0.2s (4, 2) r1c4-r1c5-r1c6-r2c6-r2c7-r2c8
38/727 infeasible 0.2s (4, 2) r1c4-r1c5-r1c6-r2c6-r2c7-r3c7
39/727 infeasible 0.2s (2, 4) r1c5-r1c4-r1c3-r1c2-r1c1-r2c1
40/727 infeasible 0.2s (2, 4) r1c5-r1c4-r1c3-r1c2-r2c2-r2c1
41/727 infeasible 0.2s (2, 4) r1c5-r1c4-r1c3-r1c2-r2c2-r3c2
42/727 infeasible 0.3s (2, 4) r1c5-r1c6-r1c7-r1c8-r1c9-r2c9
43/727 infeasible 0.3s (2, 4) r1c5-r1c6-r1c7-r1c8-r2c8-r2c7
44/727 infeasible 0.3s (2, 4) r1c5-r1c6-r1c7-r1c8-r2c8-r2c9
45/727 infeasible 0.3s (2, 4) r1c5-r1c6-r1c7-r1c8-r2c8-r3c8
46/727 infeasible 0.3s (2, 4) r1c5-r1c6-r1c7-r2c7-r2c8-r1c8
47/727 infeasible 0.2s (2, 4) r1c5-r1c6-r1c7-r2c7-r2c8-r2c9
48/727 infeasible 0.3s (2, 4) r1c5-r1c6-r1c7-r2c7-r2c8-r3c8
49/727 infeasible 0.2s (2, 4) r1c5-r1c6-r1c7-r2c7-r3c7-r3c8
50/727 infeasible 0.2s (3, 3) r1c5-r1c6-r2c6-r2c7-r1c7-r1c8
51/727 infeasible 0.3s (3, 3) r1c5-r1c6-r2c6-r2c7-r2c8-r1c8
52/727 infeasible 0.3s (3, 3) r1c5-r1c6-r2c6-r2c7-r2c8-r2c9
53/727 infeasible 0.3s (3, 3) r1c5-r1c6-r2c6-r2c7-r2c8-r3c8
54/727 infeasible 0.3s (3, 3) r1c5-r1c6-r2c6-r2c7-r3c7-r3c8
55/727 infeasible 0.2s (4, 2) r1c5-r1c6-r2c6-r3c6-r3c7-r2c7
56/727 infeasible 0.2s (4, 2) r1c5-r1c6-r2c6-r3c6-r3c7-r3c8
57/727 infeasible 0.2s (3, 3) r1c6-r1c5-r1c4-r1c3-r1c2-r2c2
58/727 infeasible 0.2s (1, 4, 1) r1c6-r1c7-r1c8-r2c8-r2c7-r2c6
59/727 FEASIBLE 0.3s (1, 4, 1) r1c6-r1c7-r1c8-r2c8-r3c8-r4c8
60/727 FEASIBLE 1.0s (1, 4, 1) r1c6-r1c7-r2c7-r2c8-r3c8-r4c8
61/727 FEASIBLE 0.3s (1, 4, 1) r1c6-r1c7-r2c7-r3c7-r3c8-r4c8
62/727 infeasible 0.3s (2, 4) r1c6-r2c6-r2c7-r1c7-r1c8-r1c9
63/727 infeasible 0.3s (2, 4) r1c6-r2c6-r2c7-r1c7-r1c8-r2c8
64/727 infeasible 0.3s (2, 4) r1c6-r2c6-r2c7-r2c8-r1c8-r1c7
65/727 infeasible 0.3s (2, 4) r1c6-r2c6-r2c7-r2c8-r1c8-r1c9
66/727 infeasible 0.2s (2, 4) r1c6-r2c6-r2c7-r2c8-r2c9-r1c9
67/727 infeasible 0.3s (2, 4) r1c6-r2c6-r2c7-r2c8-r2c9-r3c9
68/727 infeasible 0.3s (2, 4) r1c6-r2c6-r2c7-r2c8-r3c8-r3c7
69/727 infeasible 0.2s (2, 4) r1c6-r2c6-r2c7-r2c8-r3c8-r3c9
70/727 infeasible 0.3s (2, 4) r1c6-r2c6-r2c7-r3c7-r3c8-r2c8
71/727 infeasible 0.3s (2, 4) r1c6-r2c6-r2c7-r3c7-r3c8-r3c9
72/727 infeasible 0.2s (3, 3) r1c6-r2c6-r3c6-r3c7-r2c7-r1c7
73/727 infeasible 0.4s (3, 3) r1c6-r2c6-r3c6-r3c7-r2c7-r2c8
74/727 infeasible 0.2s (3, 3) r1c6-r2c6-r3c6-r3c7-r3c8-r2c8
75/727 infeasible 0.3s (3, 3) r1c6-r2c6-r3c6-r3c7-r3c8-r3c9
76/727 infeasible 0.2s (4, 2) r1c7-r1c8-r2c8-r2c7-r2c6-r3c6
77/727 FEASIBLE 0.4s (4, 2) r1c7-r1c8-r2c8-r3c8-r4c8-r4c9
78/727 infeasible 1.3s (4, 2) r1c7-r1c8-r2c8-r3c8-r4c8-r5c8
79/727 FEASIBLE 0.8s (4, 2) r1c7-r2c7-r2c8-r3c8-r4c8-r4c9
80/727 FEASIBLE 0.3s (4, 2) r1c7-r2c7-r2c8-r3c8-r4c8-r5c8
81/727 FEASIBLE 0.5s (4, 2) r1c7-r2c7-r3c7-r3c8-r4c8-r4c9
82/727 FEASIBLE 0.4s (4, 2) r1c7-r2c7-r3c7-r3c8-r4c8-r5c8
83/727 infeasible 0.2s (4, 2) r1c8-r1c7-r2c7-r3c7-r3c6-r2c6
84/727 FEASIBLE 0.7s (4, 2) r1c8-r1c9-r2c9-r3c9-r4c9-r4c8
85/727 FEASIBLE 0.4s (4, 2) r1c8-r1c9-r2c9-r3c9-r4c9-r5c9
86/727 infeasible 0.2s (4, 2) r1c8-r2c8-r2c7-r1c7-r1c6-r2c6
87/727 infeasible 0.3s (4, 2) r1c8-r2c8-r2c7-r3c7-r3c6-r2c6
88/727 FEASIBLE 0.3s (4, 2) r1c8-r2c8-r2c9-r3c9-r4c9-r4c8
89/727 FEASIBLE 1.1s (4, 2) r1c8-r2c8-r2c9-r3c9-r4c9-r5c9
90/727 infeasible 0.3s (4, 2) r1c8-r2c8-r3c8-r3c7-r3c6-r2c6
91/727 FEASIBLE 0.4s (4, 2) r1c8-r2c8-r3c8-r3c9-r4c9-r4c8
92/727 FEASIBLE 0.4s (4, 2) r1c8-r2c8-r3c8-r3c9-r4c9-r5c9
93/727 FEASIBLE 0.5s (3, 3) r1c8-r2c8-r3c8-r4c8-r4c9-r5c9
94/727 FEASIBLE 0.4s (3, 3) r1c8-r2c8-r3c8-r4c8-r5c8-r5c9
95/727 infeasible 0.3s (3, 3) r1c8-r2c8-r3c8-r4c8-r5c8-r6c8
96/727 infeasible 0.3s (3, 3) r1c9-r1c8-r1c7-r1c6-r2c6-r3c6
97/727 infeasible 0.3s (4, 2) r1c9-r1c8-r1c7-r2c7-r2c6-r3c6
98/727 infeasible 0.2s (4, 2) r1c9-r1c8-r2c8-r2c7-r2c6-r3c6
99/727 FEASIBLE 0.7s (4, 2) r1c9-r1c8-r2c8-r3c8-r4c8-r4c9
100/727 FEASIBLE 0.8s (4, 2) r1c9-r1c8-r2c8-r3c8-r4c8-r5c8
101/727 infeasible 0.2s (4, 2) r1c9-r2c9-r2c8-r2c7-r2c6-r3c6
102/727 FEASIBLE 0.3s (4, 2) r1c9-r2c9-r2c8-r3c8-r4c8-r4c9
103/727 FEASIBLE 0.7s (4, 2) r1c9-r2c9-r2c8-r3c8-r4c8-r5c8
104/727 FEASIBLE 0.4s (4, 2) r1c9-r2c9-r3c9-r3c8-r4c8-r4c9
105/727 FEASIBLE 0.4s (4, 2) r1c9-r2c9-r3c9-r3c8-r4c8-r5c8
106/727 FEASIBLE 0.5s (3, 3) r1c9-r2c9-r3c9-r4c9-r4c8-r5c8
107/727 FEASIBLE 0.5s (3, 3) r1c9-r2c9-r3c9-r4c9-r5c9-r5c8
108/727 infeasible 0.3s (3, 3) r1c9-r2c9-r3c9-r4c9-r5c9-r6c9
109/727 infeasible 0.2s (4, 2) r2c1-r2c2-r3c2-r3c1-r4c1-r4c2
110/727 infeasible 0.2s (4, 2) r2c1-r2c2-r3c2-r3c1-r4c1-r5c1
111/727 infeasible 0.2s (3, 3) r2c1-r2c2-r3c2-r4c2-r4c1-r5c1
112/727 infeasible 0.2s (3, 3) r2c1-r2c2-r3c2-r4c2-r4c3-r5c3
113/727 infeasible 0.2s (3, 3) r2c1-r2c2-r3c2-r4c2-r5c2-r5c1
114/727 infeasible 0.2s (3, 3) r2c1-r2c2-r3c2-r4c2-r5c2-r5c3
115/727 infeasible 0.2s (3, 3) r2c1-r2c2-r3c2-r4c2-r5c2-r6c2
116/727 infeasible 0.2s (3, 3) r2c1-r3c1-r3c2-r4c2-r4c1-r5c1
117/727 infeasible 0.2s (3, 3) r2c1-r3c1-r3c2-r4c2-r4c3-r5c3
118/727 infeasible 0.2s (3, 3) r2c1-r3c1-r3c2-r4c2-r5c2-r5c1
119/727 infeasible 0.2s (3, 3) r2c1-r3c1-r3c2-r4c2-r5c2-r5c3
120/727 infeasible 0.2s (3, 3) r2c1-r3c1-r3c2-r4c2-r5c2-r6c2
121/727 infeasible 0.2s (2, 4) r2c1-r3c1-r4c1-r4c2-r4c3-r5c3
122/727 infeasible 0.2s (2, 4) r2c1-r3c1-r4c1-r4c2-r5c2-r5c1
123/727 infeasible 0.2s (2, 4) r2c1-r3c1-r4c1-r4c2-r5c2-r5c3
124/727 infeasible 0.2s (2, 4) r2c1-r3c1-r4c1-r4c2-r5c2-r6c2
125/727 infeasible 0.2s (2, 4) r2c1-r3c1-r4c1-r5c1-r5c2-r4c2
126/727 infeasible 0.2s (2, 4) r2c1-r3c1-r4c1-r5c1-r5c2-r5c3
127/727 infeasible 0.2s (2, 4) r2c1-r3c1-r4c1-r5c1-r5c2-r6c2
128/727 infeasible 0.2s (2, 4) r2c1-r3c1-r4c1-r5c1-r6c1-r6c2
129/727 infeasible 0.2s (4, 2) r2c2-r2c1-r3c1-r3c2-r4c2-r4c1
130/727 infeasible 0.2s (4, 2) r2c2-r2c1-r3c1-r3c2-r4c2-r4c3
131/727 infeasible 0.2s (4, 2) r2c2-r2c1-r3c1-r3c2-r4c2-r5c2
132/727 infeasible 0.2s (3, 3) r2c2-r2c1-r3c1-r4c1-r4c2-r4c3
133/727 infeasible 0.2s (3, 3) r2c2-r2c1-r3c1-r4c1-r4c2-r5c2
134/727 infeasible 0.2s (3, 3) r2c2-r2c1-r3c1-r4c1-r5c1-r5c2
135/727 infeasible 0.2s (3, 3) r2c2-r2c1-r3c1-r4c1-r5c1-r6c1
136/727 infeasible 0.2s (3, 3) r2c2-r3c2-r3c1-r4c1-r4c2-r4c3
137/727 infeasible 0.2s (3, 3) r2c2-r3c2-r3c1-r4c1-r4c2-r5c2
138/727 infeasible 0.2s (3, 3) r2c2-r3c2-r3c1-r4c1-r5c1-r5c2
139/727 infeasible 0.2s (3, 3) r2c2-r3c2-r3c1-r4c1-r5c1-r6c1
140/727 infeasible 0.2s (2, 4) r2c2-r3c2-r4c2-r4c1-r5c1-r5c2
141/727 infeasible 0.2s (2, 4) r2c2-r3c2-r4c2-r4c1-r5c1-r6c1
142/727 infeasible 0.2s (2, 4) r2c2-r3c2-r4c2-r4c3-r5c3-r5c2
143/727 infeasible 0.2s (2, 4) r2c2-r3c2-r4c2-r4c3-r5c3-r6c3
144/727 infeasible 0.2s (2, 4) r2c2-r3c2-r4c2-r5c2-r5c1-r4c1
145/727 infeasible 0.2s (2, 4) r2c2-r3c2-r4c2-r5c2-r5c1-r6c1
146/727 infeasible 0.2s (2, 4) r2c2-r3c2-r4c2-r5c2-r5c3-r4c3
147/727 infeasible 0.2s (2, 4) r2c2-r3c2-r4c2-r5c2-r5c3-r6c3
148/727 infeasible 0.2s (2, 4) r2c2-r3c2-r4c2-r5c2-r6c2-r6c1
149/727 infeasible 0.2s (2, 4) r2c2-r3c2-r4c2-r5c2-r6c2-r6c3
150/727 infeasible 0.2s (2, 4) r2c6-r1c6-r1c7-r1c8-r1c9-r2c9
151/727 infeasible 0.3s (2, 4) r2c6-r1c6-r1c7-r1c8-r2c8-r2c7
152/727 infeasible 0.3s (2, 4) r2c6-r1c6-r1c7-r1c8-r2c8-r2c9
153/727 infeasible 0.3s (2, 4) r2c6-r1c6-r1c7-r1c8-r2c8-r3c8
154/727 infeasible 0.3s (2, 4) r2c6-r1c6-r1c7-r2c7-r2c8-r2c9
155/727 infeasible 0.3s (2, 4) r2c6-r1c6-r1c7-r2c7-r2c8-r3c8
156/727 infeasible 0.3s (2, 4) r2c6-r1c6-r1c7-r2c7-r3c7-r3c8
157/727 infeasible 0.2s (1, 4, 1) r2c6-r2c7-r2c8-r2c9-r3c9-r4c9
158/727 infeasible 0.3s (1, 4, 1) r2c6-r2c7-r2c8-r3c8-r3c7-r3c6
159/727 infeasible 0.2s (1, 4, 1) r2c6-r2c7-r2c8-r3c8-r3c9-r4c9
160/727 infeasible 0.2s (1, 4, 1) r2c6-r2c7-r3c7-r3c8-r3c9-r4c9
161/727 infeasible 0.3s (2, 4) r2c6-r3c6-r3c7-r2c7-r2c8-r2c9
162/727 infeasible 0.3s (2, 4) r2c6-r3c6-r3c7-r2c7-r2c8-r3c8
163/727 infeasible 0.3s (2, 4) r2c6-r3c6-r3c7-r3c8-r2c8-r2c7
164/727 infeasible 0.3s (2, 4) r2c6-r3c6-r3c7-r3c8-r2c8-r2c9
165/727 infeasible 0.2s (2, 4) r2c6-r3c6-r3c7-r3c8-r3c9-r2c9
166/727 infeasible 0.3s (4, 2) r2c7-r2c8-r2c9-r3c9-r4c9-r4c8
167/727 infeasible 0.3s (4, 2) r2c7-r2c8-r2c9-r3c9-r4c9-r5c9
168/727 infeasible 0.3s (4, 2) r2c7-r2c8-r3c8-r3c9-r4c9-r4c8
169/727 infeasible 0.3s (4, 2) r2c7-r2c8-r3c8-r3c9-r4c9-r5c9
170/727 FEASIBLE 0.7s (3, 3) r2c7-r2c8-r3c8-r4c8-r4c9-r5c9
171/727 FEASIBLE 0.3s (3, 3) r2c7-r2c8-r3c8-r4c8-r5c8-r5c9
172/727 infeasible 0.4s (3, 3) r2c7-r2c8-r3c8-r4c8-r5c8-r6c8
173/727 infeasible 0.3s (4, 2) r2c7-r3c7-r3c8-r3c9-r4c9-r4c8
174/727 infeasible 0.2s (4, 2) r2c7-r3c7-r3c8-r3c9-r4c9-r5c9
175/727 FEASIBLE 0.7s (3, 3) r2c7-r3c7-r3c8-r4c8-r4c9-r5c9
176/727 FEASIBLE 0.4s (3, 3) r2c7-r3c7-r3c8-r4c8-r5c8-r5c9
177/727 infeasible 0.3s (3, 3) r2c7-r3c7-r3c8-r4c8-r5c8-r6c8
178/727 infeasible 0.3s (3, 3) r2c8-r1c8-r1c7-r1c6-r2c6-r3c6
179/727 infeasible 0.3s (4, 2) r2c8-r1c8-r1c7-r2c7-r2c6-r3c6
180/727 infeasible 0.3s (3, 3) r2c8-r2c7-r1c7-r1c6-r2c6-r3c6
181/727 infeasible 0.2s (4, 2) r2c8-r2c7-r3c7-r3c8-r4c8-r4c9
182/727 infeasible 0.3s (4, 2) r2c8-r2c7-r3c7-r3c8-r4c8-r5c8
183/727 infeasible 0.3s (4, 2) r2c8-r2c9-r3c9-r3c8-r4c8-r4c9
184/727 infeasible 0.3s (4, 2) r2c8-r2c9-r3c9-r3c8-r4c8-r5c8
185/727 FEASIBLE 0.4s (3, 3) r2c8-r2c9-r3c9-r4c9-r4c8-r5c8
186/727 FEASIBLE 0.5s (3, 3) r2c8-r2c9-r3c9-r4c9-r5c9-r5c8
187/727 FEASIBLE 1.3s (3, 3) r2c8-r2c9-r3c9-r4c9-r5c9-r6c9
188/727 infeasible 0.3s (4, 2) r2c8-r3c8-r3c7-r2c7-r2c6-r3c6
189/727 FEASIBLE 0.3s (3, 3) r2c8-r3c8-r3c9-r4c9-r4c8-r5c8
190/727 FEASIBLE 0.8s (3, 3) r2c8-r3c8-r3c9-r4c9-r5c9-r5c8
191/727 FEASIBLE 0.5s (3, 3) r2c8-r3c8-r3c9-r4c9-r5c9-r6c9
192/727 FEASIBLE 0.3s (2, 4) r2c8-r3c8-r4c8-r4c9-r5c9-r5c8
193/727 FEASIBLE 0.6s (2, 4) r2c8-r3c8-r4c8-r4c9-r5c9-r6c9
194/727 FEASIBLE 0.3s (2, 4) r2c8-r3c8-r4c8-r5c8-r5c9-r4c9
195/727 FEASIBLE 0.5s (2, 4) r2c8-r3c8-r4c8-r5c8-r5c9-r6c9
196/727 FEASIBLE 0.6s (2, 4) r2c8-r3c8-r4c8-r5c8-r6c8-r6c9
197/727 infeasible 0.3s (4, 2) r2c9-r2c8-r3c8-r3c9-r4c9-r4c8
198/727 infeasible 0.3s (4, 2) r2c9-r2c8-r3c8-r3c9-r4c9-r5c9
199/727 FEASIBLE 0.7s (3, 3) r2c9-r2c8-r3c8-r4c8-r4c9-r5c9
200/727 FEASIBLE 0.6s (3, 3) r2c9-r2c8-r3c8-r4c8-r5c8-r5c9
201/727 FEASIBLE 1.1s (3, 3) r2c9-r2c8-r3c8-r4c8-r5c8-r6c8
202/727 FEASIBLE 0.7s (3, 3) r2c9-r3c9-r3c8-r4c8-r4c9-r5c9
203/727 FEASIBLE 0.8s (3, 3) r2c9-r3c9-r3c8-r4c8-r5c8-r5c9
204/727 FEASIBLE 0.4s (3, 3) r2c9-r3c9-r3c8-r4c8-r5c8-r6c8
205/727 FEASIBLE 0.6s (2, 4) r2c9-r3c9-r4c9-r4c8-r5c8-r5c9
206/727 FEASIBLE 0.4s (2, 4) r2c9-r3c9-r4c9-r4c8-r5c8-r6c8
207/727 FEASIBLE 0.7s (2, 4) r2c9-r3c9-r4c9-r5c9-r5c8-r4c8
208/727 FEASIBLE 0.5s (2, 4) r2c9-r3c9-r4c9-r5c9-r5c8-r6c8
209/727 FEASIBLE 0.7s (2, 4) r2c9-r3c9-r4c9-r5c9-r6c9-r6c8
210/727 infeasible 0.2s (4, 2) r3c1-r2c1-r2c2-r3c2-r4c2-r4c1
211/727 infeasible 0.2s (4, 2) r3c1-r2c1-r2c2-r3c2-r4c2-r4c3
212/727 infeasible 0.2s (4, 2) r3c1-r2c1-r2c2-r3c2-r4c2-r5c2
213/727 infeasible 0.2s (2, 4) r3c1-r3c2-r4c2-r4c1-r5c1-r5c2
214/727 infeasible 0.2s (2, 4) r3c1-r3c2-r4c2-r4c1-r5c1-r6c1
215/727 infeasible 0.2s (2, 4) r3c1-r3c2-r4c2-r4c3-r5c3-r5c2
216/727 infeasible 0.2s (2, 4) r3c1-r3c2-r4c2-r4c3-r5c3-r6c3
217/727 infeasible 0.2s (2, 4) r3c1-r3c2-r4c2-r5c2-r5c1-r4c1
218/727 infeasible 0.2s (2, 4) r3c1-r3c2-r4c2-r5c2-r5c1-r6c1
219/727 infeasible 0.2s (2, 4) r3c1-r3c2-r4c2-r5c2-r5c3-r4c3
220/727 infeasible 0.2s (2, 4) r3c1-r3c2-r4c2-r5c2-r5c3-r6c3
221/727 infeasible 0.2s (2, 4) r3c1-r3c2-r4c2-r5c2-r6c2-r6c1
222/727 infeasible 0.2s (2, 4) r3c1-r3c2-r4c2-r5c2-r6c2-r6c3
223/727 infeasible 0.2s (1, 4, 1) r3c1-r4c1-r4c2-r4c3-r5c3-r5c4
224/727 infeasible 0.2s (1, 4, 1) r3c1-r4c1-r4c2-r5c2-r5c3-r5c4
225/727 infeasible 0.2s (1, 4, 1) r3c1-r4c1-r4c2-r5c2-r6c2-r7c2
226/727 infeasible 0.2s (1, 4, 1) r3c1-r4c1-r5c1-r5c2-r4c2-r3c2
227/727 infeasible 0.2s (1, 4, 1) r3c1-r4c1-r5c1-r5c2-r5c3-r5c4
228/727 infeasible 0.2s (1, 4, 1) r3c1-r4c1-r5c1-r5c2-r6c2-r7c2
229/727 infeasible 0.2s (1, 4, 1) r3c1-r4c1-r5c1-r6c1-r6c2-r7c2
230/727 infeasible 0.2s (4, 2) r3c2-r2c2-r2c1-r3c1-r4c1-r4c2
231/727 infeasible 0.2s (4, 2) r3c2-r2c2-r2c1-r3c1-r4c1-r5c1
232/727 infeasible 0.2s (2, 4) r3c2-r3c1-r4c1-r4c2-r4c3-r5c3
233/727 infeasible 0.2s (2, 4) r3c2-r3c1-r4c1-r4c2-r5c2-r5c1
234/727 infeasible 0.2s (2, 4) r3c2-r3c1-r4c1-r4c2-r5c2-r5c3
235/727 infeasible 0.2s (2, 4) r3c2-r3c1-r4c1-r4c2-r5c2-r6c2
236/727 infeasible 0.2s (2, 4) r3c2-r3c1-r4c1-r5c1-r5c2-r4c2
237/727 infeasible 0.2s (2, 4) r3c2-r3c1-r4c1-r5c1-r5c2-r5c3
238/727 infeasible 0.2s (2, 4) r3c2-r3c1-r4c1-r5c1-r5c2-r6c2
239/727 infeasible 0.2s (2, 4) r3c2-r3c1-r4c1-r5c1-r6c1-r6c2
240/727 infeasible 0.2s (1, 4, 1) r3c2-r4c2-r4c1-r5c1-r6c1-r7c1
241/727 infeasible 0.2s (1, 4, 1) r3c2-r4c2-r4c3-r5c3-r6c3-r7c3
242/727 infeasible 0.2s (1, 4, 1) r3c2-r4c2-r5c2-r5c1-r6c1-r7c1
243/727 infeasible 0.2s (1, 4, 1) r3c2-r4c2-r5c2-r5c3-r6c3-r7c3
244/727 infeasible 0.2s (1, 4, 1) r3c2-r4c2-r5c2-r6c2-r6c1-r7c1
245/727 infeasible 0.2s (1, 4, 1) r3c2-r4c2-r5c2-r6c2-r6c3-r7c3
246/727 infeasible 0.2s (3, 3) r3c6-r2c6-r1c6-r1c7-r2c7-r3c7
247/727 infeasible 0.3s (2, 4) r3c6-r2c6-r2c7-r2c8-r2c9-r3c9
248/727 infeasible 0.2s (2, 4) r3c6-r2c6-r2c7-r2c8-r3c8-r3c7
249/727 infeasible 0.2s (2, 4) r3c6-r2c6-r2c7-r2c8-r3c8-r3c9
250/727 infeasible 0.3s (2, 4) r3c6-r2c6-r2c7-r3c7-r3c8-r3c9
251/727 infeasible 0.2s (1, 4, 1) r3c6-r3c7-r2c7-r2c8-r3c8-r4c8
252/727 infeasible 0.2s (4, 2) r3c7-r2c7-r2c8-r3c8-r4c8-r4c9
253/727 infeasible 0.3s (4, 2) r3c7-r2c7-r2c8-r3c8-r4c8-r5c8
254/727 infeasible 0.4s (3, 3) r3c7-r3c8-r3c9-r4c9-r4c8-r5c8
255/727 infeasible 0.3s (3, 3) r3c7-r3c8-r3c9-r4c9-r5c9-r5c8
256/727 infeasible 0.3s (3, 3) r3c7-r3c8-r3c9-r4c9-r5c9-r6c9
257/727 FEASIBLE 0.4s (2, 4) r3c7-r3c8-r4c8-r4c9-r5c9-r5c8
258/727 FEASIBLE 0.4s (2, 4) r3c7-r3c8-r4c8-r4c9-r5c9-r6c9
259/727 FEASIBLE 0.4s (2, 4) r3c7-r3c8-r4c8-r5c8-r5c9-r4c9
260/727 FEASIBLE 0.4s (2, 4) r3c7-r3c8-r4c8-r5c8-r5c9-r6c9
261/727 FEASIBLE 0.5s (2, 4) r3c7-r3c8-r4c8-r5c8-r6c8-r6c9
262/727 infeasible 0.3s (4, 2) r3c8-r2c8-r2c9-r3c9-r4c9-r4c8
263/727 infeasible 0.3s (4, 2) r3c8-r2c8-r2c9-r3c9-r4c9-r5c9
264/727 FEASIBLE 0.4s (2, 4) r3c8-r3c9-r4c9-r4c8-r5c8-r5c9
265/727 FEASIBLE 0.3s (2, 4) r3c8-r3c9-r4c9-r4c8-r5c8-r6c8
266/727 FEASIBLE 0.4s (2, 4) r3c8-r3c9-r4c9-r5c9-r5c8-r4c8
267/727 FEASIBLE 0.4s (2, 4) r3c8-r3c9-r4c9-r5c9-r5c8-r6c8
268/727 FEASIBLE 1.0s (2, 4) r3c8-r3c9-r4c9-r5c9-r6c9-r6c8
269/727 infeasible 0.2s (1, 4, 1) r3c8-r4c8-r4c9-r5c9-r6c9-r7c9
270/727 infeasible 0.2s (1, 4, 1) r3c8-r4c8-r5c8-r5c9-r4c9-r3c9
271/727 infeasible 0.2s (1, 4, 1) r3c8-r4c8-r5c8-r5c9-r6c9-r7c9
272/727 infeasible 0.2s (1, 4, 1) r3c8-r4c8-r5c8-r6c8-r6c9-r7c9
273/727 infeasible 0.3s (4, 2) r3c9-r2c9-r2c8-r3c8-r4c8-r4c9
274/727 infeasible 0.2s (4, 2) r3c9-r2c9-r2c8-r3c8-r4c8-r5c8
275/727 FEASIBLE 0.4s (2, 4) r3c9-r3c8-r4c8-r4c9-r5c9-r5c8
276/727 FEASIBLE 0.5s (2, 4) r3c9-r3c8-r4c8-r4c9-r5c9-r6c9
277/727 FEASIBLE 0.4s (2, 4) r3c9-r3c8-r4c8-r5c8-r5c9-r4c9
278/727 FEASIBLE 0.3s (2, 4) r3c9-r3c8-r4c8-r5c8-r5c9-r6c9
279/727 FEASIBLE 0.4s (2, 4) r3c9-r3c8-r4c8-r5c8-r6c8-r6c9
280/727 infeasible 0.2s (1, 4, 1) r3c9-r4c9-r4c8-r5c8-r6c8-r7c8
281/727 infeasible 0.2s (1, 4, 1) r3c9-r4c9-r5c9-r5c8-r6c8-r7c8
282/727 infeasible 0.2s (1, 4, 1) r3c9-r4c9-r5c9-r6c9-r6c8-r7c8
283/727 infeasible 0.2s (1, 4, 1) r4c1-r3c1-r2c1-r2c2-r3c2-r4c2
284/727 FEASIBLE 0.5s (4, 2) r4c1-r4c2-r4c3-r5c3-r5c4-r5c5
285/727 FEASIBLE 0.4s (4, 2) r4c1-r4c2-r5c2-r5c3-r5c4-r5c5
286/727 FEASIBLE 0.5s (4, 2) r4c1-r4c2-r5c2-r6c2-r7c2-r7c1
287/727 FEASIBLE 0.9s (4, 2) r4c1-r4c2-r5c2-r6c2-r7c2-r7c3
288/727 FEASIBLE 0.3s (4, 2) r4c1-r4c2-r5c2-r6c2-r7c2-r8c2
289/727 infeasible 0.2s (4, 2) r4c1-r5c1-r5c2-r5c3-r5c4-r5c5
290/727 FEASIBLE 0.9s (4, 2) r4c1-r5c1-r5c2-r6c2-r7c2-r7c1
291/727 FEASIBLE 0.5s (4, 2) r4c1-r5c1-r5c2-r6c2-r7c2-r7c3
292/727 FEASIBLE 1.6s (4, 2) r4c1-r5c1-r5c2-r6c2-r7c2-r8c2
293/727 FEASIBLE 0.7s (4, 2) r4c1-r5c1-r6c1-r6c2-r7c2-r7c1
294/727 FEASIBLE 0.5s (4, 2) r4c1-r5c1-r6c1-r6c2-r7c2-r7c3
295/727 FEASIBLE 1.1s (4, 2) r4c1-r5c1-r6c1-r6c2-r7c2-r8c2
296/727 FEASIBLE 0.6s (3, 3) r4c1-r5c1-r6c1-r7c1-r7c2-r7c3
297/727 FEASIBLE 0.5s (3, 3) r4c1-r5c1-r6c1-r7c1-r7c2-r8c2
298/727 FEASIBLE 1.1s (3, 3) r4c1-r5c1-r6c1-r7c1-r8c1-r8c2
299/727 infeasible 0.4s (3, 3) r4c1-r5c1-r6c1-r7c1-r8c1-r9c1
300/727 FEASIBLE 0.9s (4, 2) r4c2-r4c1-r5c1-r6c1-r7c1-r7c2
301/727 FEASIBLE 1.0s (4, 2) r4c2-r4c1-r5c1-r6c1-r7c1-r8c1
302/727 infeasible 0.4s (3, 3) r4c2-r4c3-r5c3-r5c4-r5c5-r5c6
303/727 infeasible 0.2s (4, 2) r4c2-r4c3-r5c3-r6c3-r7c3-r7c2
304/727 infeasible 0.2s (4, 2) r4c2-r4c3-r5c3-r6c3-r7c3-r8c3
305/727 FEASIBLE 0.3s (4, 2) r4c2-r5c2-r5c1-r6c1-r7c1-r7c2
306/727 FEASIBLE 0.8s (4, 2) r4c2-r5c2-r5c1-r6c1-r7c1-r8c1
307/727 infeasible 0.4s (3, 3) r4c2-r5c2-r5c3-r5c4-r5c5-r5c6
308/727 infeasible 0.2s (4, 2) r4c2-r5c2-r5c3-r6c3-r7c3-r7c2
309/727 infeasible 0.2s (4, 2) r4c2-r5c2-r5c3-r6c3-r7c3-r8c3
310/727 FEASIBLE 0.6s (4, 2) r4c2-r5c2-r6c2-r6c1-r7c1-r7c2
311/727 FEASIBLE 1.0s (4, 2) r4c2-r5c2-r6c2-r6c1-r7c1-r8c1
312/727 infeasible 0.2s (4, 2) r4c2-r5c2-r6c2-r6c3-r7c3-r7c2
313/727 infeasible 0.2s (4, 2) r4c2-r5c2-r6c2-r6c3-r7c3-r8c3
314/727 FEASIBLE 0.4s (3, 3) r4c2-r5c2-r6c2-r7c2-r7c1-r8c1
315/727 infeasible 0.4s (3, 3) r4c2-r5c2-r6c2-r7c2-r7c3-r8c3
316/727 FEASIBLE 0.5s (3, 3) r4c2-r5c2-r6c2-r7c2-r8c2-r8c1
317/727 infeasible 0.4s (3, 3) r4c2-r5c2-r6c2-r7c2-r8c2-r8c3
318/727 infeasible 0.4s (3, 3) r4c2-r5c2-r6c2-r7c2-r8c2-r9c2
319/727 FEASIBLE 0.4s (4, 2) r4c3-r4c2-r5c2-r5c3-r5c4-r5c5
320/727 FEASIBLE 0.2s (4, 2) r4c3-r4c2-r5c2-r6c2-r7c2-r7c1
321/727 infeasible 0.2s (4, 2) r4c3-r4c2-r5c2-r6c2-r7c2-r7c3
322/727 infeasible 0.3s (4, 2) r4c3-r4c2-r5c2-r6c2-r7c2-r8c2
323/727 FEASIBLE 0.4s (4, 2) r4c3-r5c3-r5c2-r6c2-r7c2-r7c1
324/727 infeasible 0.2s (4, 2) r4c3-r5c3-r5c2-r6c2-r7c2-r7c3
325/727 infeasible 0.3s (4, 2) r4c3-r5c3-r5c2-r6c2-r7c2-r8c2
326/727 infeasible 0.2s (4, 2) r4c3-r5c3-r6c3-r6c2-r7c2-r7c1
327/727 infeasible 0.2s (4, 2) r4c3-r5c3-r6c3-r6c2-r7c2-r7c3
328/727 infeasible 0.2s (4, 2) r4c3-r5c3-r6c3-r6c2-r7c2-r8c2
329/727 infeasible 0.2s (3, 3) r4c3-r5c3-r6c3-r7c3-r7c2-r7c1
330/727 infeasible 0.2s (3, 3) r4c3-r5c3-r6c3-r7c3-r7c2-r8c2
331/727 infeasible 0.2s (3, 3) r4c3-r5c3-r6c3-r7c3-r8c3-r8c2
332/727 infeasible 0.2s (3, 3) r4c3-r5c3-r6c3-r7c3-r8c3-r9c3
333/727 infeasible 0.2s (1, 4, 1) r4c8-r3c8-r2c8-r2c9-r3c9-r4c9
334/727 infeasible 0.2s (4, 2) r4c8-r4c9-r5c9-r6c9-r7c9-r7c8
335/727 infeasible 0.2s (4, 2) r4c8-r4c9-r5c9-r6c9-r7c9-r8c9
336/727 infeasible 0.2s (4, 2) r4c8-r5c8-r5c9-r6c9-r7c9-r7c8
337/727 infeasible 0.2s (4, 2) r4c8-r5c8-r5c9-r6c9-r7c9-r8c9
338/727 infeasible 0.2s (4, 2) r4c8-r5c8-r6c8-r6c9-r7c9-r7c8
339/727 infeasible 0.2s (4, 2) r4c8-r5c8-r6c8-r6c9-r7c9-r8c9
340/727 FEASIBLE 0.5s (3, 3) r4c8-r5c8-r6c8-r7c8-r7c7-r8c7
341/727 infeasible 0.2s (3, 3) r4c8-r5c8-r6c8-r7c8-r7c9-r8c9
342/727 FEASIBLE 0.5s (3, 3) r4c8-r5c8-r6c8-r7c8-r8c8-r8c7
343/727 infeasible 0.2s (3, 3) r4c8-r5c8-r6c8-r7c8-r8c8-r8c9
344/727 infeasible 0.2s (3, 3) r4c8-r5c8-r6c8-r7c8-r8c8-r9c8
345/727 FEASIBLE 0.3s (4, 2) r4c9-r4c8-r5c8-r6c8-r7c8-r7c7
346/727 infeasible 0.2s (4, 2) r4c9-r4c8-r5c8-r6c8-r7c8-r7c9
347/727 infeasible 0.2s (4, 2) r4c9-r4c8-r5c8-r6c8-r7c8-r8c8
348/727 FEASIBLE 0.7s (4, 2) r4c9-r5c9-r5c8-r6c8-r7c8-r7c7
349/727 infeasible 0.2s (4, 2) r4c9-r5c9-r5c8-r6c8-r7c8-r7c9
350/727 infeasible 0.2s (4, 2) r4c9-r5c9-r5c8-r6c8-r7c8-r8c8
351/727 FEASIBLE 0.6s (4, 2) r4c9-r5c9-r6c9-r6c8-r7c8-r7c7
352/727 infeasible 0.2s (4, 2) r4c9-r5c9-r6c9-r6c8-r7c8-r7c9
353/727 infeasible 0.2s (4, 2) r4c9-r5c9-r6c9-r6c8-r7c8-r8c8
354/727 FEASIBLE 0.6s (3, 3) r4c9-r5c9-r6c9-r7c9-r7c8-r7c7
355/727 infeasible 0.2s (3, 3) r4c9-r5c9-r6c9-r7c9-r7c8-r8c8
356/727 infeasible 0.2s (3, 3) r4c9-r5c9-r6c9-r7c9-r8c9-r8c8
357/727 infeasible 0.2s (3, 3) r4c9-r5c9-r6c9-r7c9-r8c9-r9c9
358/727 infeasible 0.2s (3, 3) r5c1-r5c2-r5c3-r5c4-r5c5-r5c6
359/727 infeasible 0.6s (4, 2) r5c1-r5c2-r5c3-r6c3-r7c3-r7c2
360/727 infeasible 0.2s (4, 2) r5c1-r5c2-r5c3-r6c3-r7c3-r8c3
361/727 infeasible 2.6s (4, 2) r5c1-r5c2-r6c2-r6c1-r7c1-r7c2
362/727 infeasible 2.2s (4, 2) r5c1-r5c2-r6c2-r6c1-r7c1-r8c1
363/727 infeasible 1.7s (4, 2) r5c1-r5c2-r6c2-r6c3-r7c3-r7c2
364/727 infeasible 0.2s (4, 2) r5c1-r5c2-r6c2-r6c3-r7c3-r8c3
365/727 FEASIBLE 1.1s (3, 3) r5c1-r5c2-r6c2-r7c2-r7c1-r8c1
366/727 infeasible 1.3s (3, 3) r5c1-r5c2-r6c2-r7c2-r7c3-r8c3
367/727 FEASIBLE 1.3s (3, 3) r5c1-r5c2-r6c2-r7c2-r8c2-r8c1
368/727 FEASIBLE 1.1s (3, 3) r5c1-r5c2-r6c2-r7c2-r8c2-r8c3
369/727 FEASIBLE 1.3s (3, 3) r5c1-r5c2-r6c2-r7c2-r8c2-r9c2
370/727 infeasible 2.3s (4, 2) r5c1-r6c1-r6c2-r6c3-r7c3-r7c2
371/727 infeasible 0.2s (4, 2) r5c1-r6c1-r6c2-r6c3-r7c3-r8c3
372/727 FEASIBLE 1.3s (3, 3) r5c1-r6c1-r6c2-r7c2-r7c1-r8c1
373/727 infeasible 2.6s (3, 3) r5c1-r6c1-r6c2-r7c2-r7c3-r8c3
374/727 FEASIBLE 1.2s (3, 3) r5c1-r6c1-r6c2-r7c2-r8c2-r8c1
375/727 FEASIBLE 1.4s (3, 3) r5c1-r6c1-r6c2-r7c2-r8c2-r8c3
376/727 FEASIBLE 0.8s (3, 3) r5c1-r6c1-r6c2-r7c2-r8c2-r9c2
377/727 FEASIBLE 0.3s (2, 4) r5c1-r6c1-r7c1-r7c2-r7c3-r8c3
378/727 FEASIBLE 0.6s (2, 4) r5c1-r6c1-r7c1-r7c2-r8c2-r8c1
379/727 FEASIBLE 0.7s (2, 4) r5c1-r6c1-r7c1-r7c2-r8c2-r8c3
380/727 FEASIBLE 0.4s (2, 4) r5c1-r6c1-r7c1-r7c2-r8c2-r9c2
381/727 FEASIBLE 0.5s (2, 4) r5c1-r6c1-r7c1-r8c1-r8c2-r7c2
382/727 FEASIBLE 0.5s (2, 4) r5c1-r6c1-r7c1-r8c1-r8c2-r8c3
383/727 FEASIBLE 0.6s (2, 4) r5c1-r6c1-r7c1-r8c1-r8c2-r9c2
384/727 FEASIBLE 1.1s (2, 4) r5c1-r6c1-r7c1-r8c1-r9c1-r9c2
385/727 FEASIBLE 0.4s (4, 2) r5c2-r4c2-r4c3-r5c3-r5c4-r5c5
386/727 infeasible 2.5s (4, 2) r5c2-r5c1-r6c1-r6c2-r7c2-r7c1
387/727 infeasible 1.7s (4, 2) r5c2-r5c1-r6c1-r6c2-r7c2-r7c3
388/727 infeasible 1.8s (4, 2) r5c2-r5c1-r6c1-r6c2-r7c2-r8c2
389/727 infeasible 1.7s (3, 3) r5c2-r5c1-r6c1-r7c1-r7c2-r7c3
390/727 FEASIBLE 0.4s (3, 3) r5c2-r5c1-r6c1-r7c1-r7c2-r8c2
391/727 FEASIBLE 0.4s (3, 3) r5c2-r5c1-r6c1-r7c1-r8c1-r8c2
392/727 FEASIBLE 0.8s (3, 3) r5c2-r5c1-r6c1-r7c1-r8c1-r9c1
393/727 infeasible 1.5s (4, 2) r5c2-r5c3-r6c3-r6c2-r7c2-r7c1
394/727 infeasible 0.2s (4, 2) r5c2-r5c3-r6c3-r6c2-r7c2-r7c3
395/727 infeasible 0.2s (4, 2) r5c2-r5c3-r6c3-r6c2-r7c2-r8c2
396/727 infeasible 0.3s (3, 3) r5c2-r5c3-r6c3-r7c3-r7c2-r7c1
397/727 infeasible 0.3s (3, 3) r5c2-r5c3-r6c3-r7c3-r7c2-r8c2
398/727 infeasible 0.2s (3, 3) r5c2-r5c3-r6c3-r7c3-r8c3-r8c2
399/727 infeasible 0.2s (3, 3) r5c2-r5c3-r6c3-r7c3-r8c3-r9c3
400/727 infeasible 2.5s (3, 3) r5c2-r6c2-r6c1-r7c1-r7c2-r7c3
401/727 FEASIBLE 1.1s (3, 3) r5c2-r6c2-r6c1-r7c1-r7c2-r8c2
402/727 FEASIBLE 0.6s (3, 3) r5c2-r6c2-r6c1-r7c1-r8c1-r8c2
403/727 FEASIBLE 1.0s (3, 3) r5c2-r6c2-r6c1-r7c1-r8c1-r9c1
404/727 infeasible 0.6s (4, 2) r5c2-r6c2-r6c3-r5c3-r5c4-r5c5
405/727 infeasible 2.6s (3, 3) r5c2-r6c2-r6c3-r7c3-r7c2-r7c1
406/727 infeasible 0.4s (3, 3) r5c2-r6c2-r6c3-r7c3-r7c2-r8c2
407/727 infeasible 0.3s (3, 3) r5c2-r6c2-r6c3-r7c3-r8c3-r8c2
408/727 infeasible 0.2s (3, 3) r5c2-r6c2-r6c3-r7c3-r8c3-r9c3
409/727 FEASIBLE 0.4s (2, 4) r5c2-r6c2-r7c2-r7c1-r8c1-r8c2
410/727 FEASIBLE 0.5s (2, 4) r5c2-r6c2-r7c2-r7c1-r8c1-r9c1
411/727 infeasible 0.3s (2, 4) r5c2-r6c2-r7c2-r7c3-r8c3-r8c2
412/727 infeasible 0.2s (2, 4) r5c2-r6c2-r7c2-r7c3-r8c3-r9c3
413/727 FEASIBLE 0.4s (2, 4) r5c2-r6c2-r7c2-r8c2-r8c1-r7c1
414/727 FEASIBLE 0.3s (2, 4) r5c2-r6c2-r7c2-r8c2-r8c1-r9c1
415/727 infeasible 0.3s (2, 4) r5c2-r6c2-r7c2-r8c2-r8c3-r7c3
416/727 infeasible 0.2s (2, 4) r5c2-r6c2-r7c2-r8c2-r8c3-r9c3
417/727 FEASIBLE 0.3s (2, 4) r5c2-r6c2-r7c2-r8c2-r9c2-r9c1
418/727 infeasible 0.2s (2, 4) r5c2-r6c2-r7c2-r8c2-r9c2-r9c3
419/727 infeasible 0.8s (4, 2) r5c3-r5c2-r5c1-r6c1-r7c1-r7c2
420/727 infeasible 1.0s (4, 2) r5c3-r5c2-r5c1-r6c1-r7c1-r8c1
421/727 infeasible 1.7s (4, 2) r5c3-r5c2-r6c2-r6c1-r7c1-r7c2
422/727 infeasible 1.4s (4, 2) r5c3-r5c2-r6c2-r6c1-r7c1-r8c1
423/727 infeasible 0.2s (4, 2) r5c3-r5c2-r6c2-r6c3-r7c3-r7c2
424/727 infeasible 0.2s (4, 2) r5c3-r5c2-r6c2-r6c3-r7c3-r8c3
425/727 FEASIBLE 0.5s (3, 3) r5c3-r5c2-r6c2-r7c2-r7c1-r8c1
426/727 infeasible 0.2s (3, 3) r5c3-r5c2-r6c2-r7c2-r7c3-r8c3
427/727 FEASIBLE 0.4s (3, 3) r5c3-r5c2-r6c2-r7c2-r8c2-r8c1
428/727 infeasible 0.4s (3, 3) r5c3-r5c2-r6c2-r7c2-r8c2-r8c3
429/727 infeasible 0.4s (3, 3) r5c3-r5c2-r6c2-r7c2-r8c2-r9c2
430/727 infeasible 1.7s (4, 2) r5c3-r6c3-r6c2-r6c1-r7c1-r7c2
431/727 infeasible 1.5s (4, 2) r5c3-r6c3-r6c2-r6c1-r7c1-r8c1
432/727 FEASIBLE 0.4s (3, 3) r5c3-r6c3-r6c2-r7c2-r7c1-r8c1
433/727 infeasible 0.3s (3, 3) r5c3-r6c3-r6c2-r7c2-r7c3-r8c3
434/727 FEASIBLE 0.9s (3, 3) r5c3-r6c3-r6c2-r7c2-r8c2-r8c1
435/727 infeasible 0.3s (3, 3) r5c3-r6c3-r6c2-r7c2-r8c2-r8c3
436/727 infeasible 0.4s (3, 3) r5c3-r6c3-r6c2-r7c2-r8c2-r9c2
437/727 infeasible 0.2s (2, 4) r5c3-r6c3-r7c3-r7c2-r7c1-r8c1
438/727 infeasible 0.2s (2, 4) r5c3-r6c3-r7c3-r7c2-r8c2-r8c1
439/727 infeasible 0.2s (2, 4) r5c3-r6c3-r7c3-r7c2-r8c2-r8c3
440/727 infeasible 0.2s (2, 4) r5c3-r6c3-r7c3-r7c2-r8c2-r9c2
441/727 infeasible 0.2s (2, 4) r5c3-r6c3-r7c3-r8c3-r8c2-r7c2
442/727 infeasible 0.2s (2, 4) r5c3-r6c3-r7c3-r8c3-r8c2-r8c1
443/727 infeasible 0.2s (2, 4) r5c3-r6c3-r7c3-r8c3-r8c2-r9c2
444/727 infeasible 0.2s (2, 4) r5c3-r6c3-r7c3-r8c3-r9c3-r9c2
445/727 infeasible 1.8s (1, 4, 1) r5c4-r5c3-r5c2-r5c1-r6c1-r7c1
446/727 infeasible 10.9s (1, 4, 1) r5c4-r5c3-r5c2-r6c2-r6c1-r7c1
447/727 infeasible 0.2s (1, 4, 1) r5c4-r5c3-r5c2-r6c2-r6c3-r7c3
448/727 infeasible 3.9s (1, 4, 1) r5c4-r5c3-r6c3-r6c2-r6c1-r7c1
449/727 infeasible 0.3s (2, 4) r5c5-r5c4-r5c3-r5c2-r5c1-r6c1
450/727 infeasible 1.0s (2, 4) r5c5-r5c4-r5c3-r5c2-r6c2-r6c1
451/727 infeasible 0.6s (2, 4) r5c5-r5c4-r5c3-r5c2-r6c2-r6c3
452/727 infeasible 0.9s (2, 4) r5c5-r5c4-r5c3-r6c3-r6c2-r6c1
453/727 infeasible 0.5s (3, 3) r5c6-r5c5-r5c4-r5c3-r5c2-r6c2
454/727 infeasible 0.4s (3, 3) r5c6-r5c5-r5c4-r5c3-r6c3-r6c2
455/727 infeasible 1.3s (4, 2) r5c8-r5c9-r6c9-r6c8-r7c8-r7c7
456/727 infeasible 0.2s (4, 2) r5c8-r5c9-r6c9-r6c8-r7c8-r7c9
457/727 infeasible 0.2s (4, 2) r5c8-r5c9-r6c9-r6c8-r7c8-r8c8
458/727 FEASIBLE 0.5s (3, 3) r5c8-r5c9-r6c9-r7c9-r7c8-r7c7
459/727 infeasible 0.2s (3, 3) r5c8-r5c9-r6c9-r7c9-r7c8-r8c8
460/727 infeasible 0.2s (3, 3) r5c8-r5c9-r6c9-r7c9-r8c9-r8c8
461/727 infeasible 0.2s (3, 3) r5c8-r5c9-r6c9-r7c9-r8c9-r9c9
462/727 FEASIBLE 0.7s (3, 3) r5c8-r6c8-r6c9-r7c9-r7c8-r7c7
463/727 infeasible 0.2s (3, 3) r5c8-r6c8-r6c9-r7c9-r7c8-r8c8
464/727 infeasible 0.2s (3, 3) r5c8-r6c8-r6c9-r7c9-r8c9-r8c8
465/727 infeasible 0.2s (3, 3) r5c8-r6c8-r6c9-r7c9-r8c9-r9c9
466/727 FEASIBLE 0.6s (2, 4) r5c8-r6c8-r7c8-r7c7-r8c7-r8c8
467/727 FEASIBLE 0.6s (2, 4) r5c8-r6c8-r7c8-r7c7-r8c7-r9c7
468/727 infeasible 0.2s (2, 4) r5c8-r6c8-r7c8-r7c9-r8c9-r8c8
469/727 infeasible 0.2s (2, 4) r5c8-r6c8-r7c8-r7c9-r8c9-r9c9
470/727 FEASIBLE 0.6s (2, 4) r5c8-r6c8-r7c8-r8c8-r8c7-r7c7
471/727 FEASIBLE 0.5s (2, 4) r5c8-r6c8-r7c8-r8c8-r8c7-r9c7
472/727 infeasible 0.2s (2, 4) r5c8-r6c8-r7c8-r8c8-r8c9-r7c9
473/727 infeasible 0.2s (2, 4) r5c8-r6c8-r7c8-r8c8-r8c9-r9c9
474/727 infeasible 0.2s (2, 4) r5c8-r6c8-r7c8-r8c8-r9c8-r9c7
475/727 infeasible 0.2s (2, 4) r5c8-r6c8-r7c8-r8c8-r9c8-r9c9
476/727 infeasible 0.2s (4, 2) r5c9-r5c8-r6c8-r6c9-r7c9-r7c8
477/727 infeasible 0.2s (4, 2) r5c9-r5c8-r6c8-r6c9-r7c9-r8c9
478/727 infeasible 2.1s (3, 3) r5c9-r5c8-r6c8-r7c8-r7c7-r8c7
479/727 infeasible 0.2s (3, 3) r5c9-r5c8-r6c8-r7c8-r7c9-r8c9
480/727 FEASIBLE 0.5s (3, 3) r5c9-r5c8-r6c8-r7c8-r8c8-r8c7
481/727 infeasible 0.2s (3, 3) r5c9-r5c8-r6c8-r7c8-r8c8-r8c9
482/727 infeasible 0.2s (3, 3) r5c9-r5c8-r6c8-r7c8-r8c8-r9c8
483/727 infeasible 2.3s (3, 3) r5c9-r6c9-r6c8-r7c8-r7c7-r8c7
484/727 infeasible 0.2s (3, 3) r5c9-r6c9-r6c8-r7c8-r7c9-r8c9
485/727 FEASIBLE 0.6s (3, 3) r5c9-r6c9-r6c8-r7c8-r8c8-r8c7
486/727 infeasible 0.2s (3, 3) r5c9-r6c9-r6c8-r7c8-r8c8-r8c9
487/727 infeasible 0.2s (3, 3) r5c9-r6c9-r6c8-r7c8-r8c8-r9c8
488/727 FEASIBLE 0.3s (2, 4) r5c9-r6c9-r7c9-r7c8-r7c7-r8c7
489/727 FEASIBLE 0.5s (2, 4) r5c9-r6c9-r7c9-r7c8-r8c8-r8c7
490/727 infeasible 0.2s (2, 4) r5c9-r6c9-r7c9-r7c8-r8c8-r8c9
491/727 infeasible 0.2s (2, 4) r5c9-r6c9-r7c9-r7c8-r8c8-r9c8
492/727 infeasible 0.2s (2, 4) r5c9-r6c9-r7c9-r8c9-r8c8-r7c8
493/727 FEASIBLE 0.3s (2, 4) r5c9-r6c9-r7c9-r8c9-r8c8-r8c7
494/727 infeasible 0.2s (2, 4) r5c9-r6c9-r7c9-r8c9-r8c8-r9c8
495/727 infeasible 0.2s (2, 4) r5c9-r6c9-r7c9-r8c9-r9c9-r9c8
496/727 infeasible 2.4s (4, 2) r6c1-r5c1-r5c2-r6c2-r7c2-r7c1
497/727 infeasible 1.7s (4, 2) r6c1-r5c1-r5c2-r6c2-r7c2-r7c3
498/727 infeasible 1.8s (4, 2) r6c1-r5c1-r5c2-r6c2-r7c2-r8c2
499/727 infeasible 1.9s (3, 3) r6c1-r6c2-r6c3-r7c3-r7c2-r7c1
500/727 FEASIBLE 0.4s (3, 3) r6c1-r6c2-r6c3-r7c3-r7c2-r8c2
501/727 infeasible 1.0s (3, 3) r6c1-r6c2-r6c3-r7c3-r8c3-r8c2
502/727 infeasible 0.2s (3, 3) r6c1-r6c2-r6c3-r7c3-r8c3-r9c3
503/727 FEASIBLE 0.5s (2, 4) r6c1-r6c2-r7c2-r7c1-r8c1-r8c2
504/727 FEASIBLE 0.7s (2, 4) r6c1-r6c2-r7c2-r7c1-r8c1-r9c1
505/727 FEASIBLE 0.3s (2, 4) r6c1-r6c2-r7c2-r7c3-r8c3-r8c2
506/727 infeasible 0.2s (2, 4) r6c1-r6c2-r7c2-r7c3-r8c3-r9c3
507/727 FEASIBLE 0.5s (2, 4) r6c1-r6c2-r7c2-r8c2-r8c1-r7c1
508/727 FEASIBLE 0.3s (2, 4) r6c1-r6c2-r7c2-r8c2-r8c1-r9c1
509/727 FEASIBLE 0.3s (2, 4) r6c1-r6c2-r7c2-r8c2-r8c3-r7c3
510/727 FEASIBLE 0.5s (2, 4) r6c1-r6c2-r7c2-r8c2-r8c3-r9c3
511/727 FEASIBLE 0.5s (2, 4) r6c1-r6c2-r7c2-r8c2-r9c2-r9c1
512/727 FEASIBLE 0.6s (2, 4) r6c1-r6c2-r7c2-r8c2-r9c2-r9c3
513/727 infeasible 5.4s (1, 4, 1) r6c1-r7c1-r8c1-r8c2-r7c2-r6c2
514/727 infeasible 2.4s (4, 2) r6c2-r5c2-r5c1-r6c1-r7c1-r7c2
515/727 infeasible 2.1s (4, 2) r6c2-r5c2-r5c1-r6c1-r7c1-r8c1
516/727 infeasible 0.2s (4, 2) r6c2-r5c2-r5c3-r6c3-r7c3-r7c2
517/727 infeasible 0.2s (4, 2) r6c2-r5c2-r5c3-r6c3-r7c3-r8c3
518/727 FEASIBLE 0.4s (2, 4) r6c2-r6c1-r7c1-r7c2-r7c3-r8c3
519/727 FEASIBLE 0.5s (2, 4) r6c2-r6c1-r7c1-r7c2-r8c2-r8c1
520/727 FEASIBLE 0.3s (2, 4) r6c2-r6c1-r7c1-r7c2-r8c2-r8c3
521/727 FEASIBLE 0.5s (2, 4) r6c2-r6c1-r7c1-r7c2-r8c2-r9c2
522/727 FEASIBLE 0.5s (2, 4) r6c2-r6c1-r7c1-r8c1-r8c2-r7c2
523/727 FEASIBLE 0.3s (2, 4) r6c2-r6c1-r7c1-r8c1-r8c2-r8c3
524/727 FEASIBLE 0.6s (2, 4) r6c2-r6c1-r7c1-r8c1-r8c2-r9c2
525/727 FEASIBLE 0.2s (2, 4) r6c2-r6c1-r7c1-r8c1-r9c1-r9c2
526/727 FEASIBLE 0.3s (2, 4) r6c2-r6c3-r7c3-r7c2-r7c1-r8c1
527/727 FEASIBLE 0.3s (2, 4) r6c2-r6c3-r7c3-r7c2-r8c2-r8c1
528/727 infeasible 0.2s (2, 4) r6c2-r6c3-r7c3-r7c2-r8c2-r8c3
529/727 infeasible 0.2s (2, 4) r6c2-r6c3-r7c3-r7c2-r8c2-r9c2
530/727 infeasible 0.2s (2, 4) r6c2-r6c3-r7c3-r8c3-r8c2-r7c2
531/727 FEASIBLE 0.2s (2, 4) r6c2-r6c3-r7c3-r8c3-r8c2-r8c1
532/727 infeasible 0.2s (2, 4) r6c2-r6c3-r7c3-r8c3-r8c2-r9c2
533/727 infeasible 0.2s (2, 4) r6c2-r6c3-r7c3-r8c3-r9c3-r9c2
534/727 infeasible 0.2s (1, 4, 1) r6c2-r7c2-r8c2-r8c3-r7c3-r6c3
535/727 infeasible 1.4s (4, 2) r6c3-r5c3-r5c2-r6c2-r7c2-r7c1
536/727 infeasible 0.2s (4, 2) r6c3-r5c3-r5c2-r6c2-r7c2-r7c3
537/727 infeasible 0.2s (4, 2) r6c3-r5c3-r5c2-r6c2-r7c2-r8c2
538/727 infeasible 1.9s (3, 3) r6c3-r6c2-r6c1-r7c1-r7c2-r7c3
539/727 FEASIBLE 0.4s (3, 3) r6c3-r6c2-r6c1-r7c1-r7c2-r8c2
540/727 FEASIBLE 1.1s (3, 3) r6c3-r6c2-r6c1-r7c1-r8c1-r8c2
541/727 FEASIBLE 0.4s (3, 3) r6c3-r6c2-r6c1-r7c1-r8c1-r9c1
542/727 FEASIBLE 0.3s (2, 4) r6c3-r6c2-r7c2-r7c1-r8c1-r8c2
543/727 FEASIBLE 0.4s (2, 4) r6c3-r6c2-r7c2-r7c1-r8c1-r9c1
544/727 infeasible 0.2s (2, 4) r6c3-r6c2-r7c2-r7c3-r8c3-r8c2
545/727 infeasible 0.2s (2, 4) r6c3-r6c2-r7c2-r7c3-r8c3-r9c3
546/727 FEASIBLE 0.3s (2, 4) r6c3-r6c2-r7c2-r8c2-r8c1-r7c1
547/727 FEASIBLE 0.5s (2, 4) r6c3-r6c2-r7c2-r8c2-r8c1-r9c1
548/727 infeasible 0.2s (2, 4) r6c3-r6c2-r7c2-r8c2-r8c3-r7c3
549/727 infeasible 0.2s (2, 4) r6c3-r6c2-r7c2-r8c2-r8c3-r9c3
550/727 FEASIBLE 0.3s (2, 4) r6c3-r6c2-r7c2-r8c2-r9c2-r9c1
551/727 infeasible 0.2s (2, 4) r6c3-r6c2-r7c2-r8c2-r9c2-r9c3
552/727 infeasible 0.2s (4, 2) r6c8-r5c8-r5c9-r6c9-r7c9-r7c8
553/727 infeasible 0.2s (4, 2) r6c8-r5c8-r5c9-r6c9-r7c9-r8c9
554/727 FEASIBLE 0.7s (2, 4) r6c8-r6c9-r7c9-r7c8-r7c7-r8c7
555/727 FEASIBLE 0.3s (2, 4) r6c8-r6c9-r7c9-r7c8-r8c8-r8c7
556/727 infeasible 0.2s (2, 4) r6c8-r6c9-r7c9-r7c8-r8c8-r8c9
557/727 infeasible 0.2s (2, 4) r6c8-r6c9-r7c9-r7c8-r8c8-r9c8
558/727 infeasible 0.2s (2, 4) r6c8-r6c9-r7c9-r8c9-r8c8-r7c8
559/727 FEASIBLE 0.4s (2, 4) r6c8-r6c9-r7c9-r8c9-r8c8-r8c7
560/727 infeasible 0.2s (2, 4) r6c8-r6c9-r7c9-r8c9-r8c8-r9c8
561/727 infeasible 0.2s (2, 4) r6c8-r6c9-r7c9-r8c9-r9c9-r9c8
562/727 FEASIBLE 0.3s (1, 4, 1) r6c8-r7c8-r7c7-r8c7-r9c7-r9c6
563/727 FEASIBLE 0.7s (1, 4, 1) r6c8-r7c8-r8c8-r8c7-r7c7-r7c6
564/727 FEASIBLE 0.4s (1, 4, 1) r6c8-r7c8-r8c8-r8c7-r9c7-r9c6
565/727 infeasible 3.6s (1, 4, 1) r6c8-r7c8-r8c8-r8c9-r7c9-r6c9
566/727 FEASIBLE 0.3s (1, 4, 1) r6c8-r7c8-r8c8-r9c8-r9c7-r9c6
567/727 infeasible 1.3s (4, 2) r6c9-r5c9-r5c8-r6c8-r7c8-r7c7
568/727 infeasible 0.2s (4, 2) r6c9-r5c9-r5c8-r6c8-r7c8-r7c9
569/727 infeasible 0.2s (4, 2) r6c9-r5c9-r5c8-r6c8-r7c8-r8c8
570/727 FEASIBLE 0.5s (2, 4) r6c9-r6c8-r7c8-r7c7-r8c7-r8c8
571/727 FEASIBLE 0.4s (2, 4) r6c9-r6c8-r7c8-r7c7-r8c7-r9c7
572/727 infeasible 0.2s (2, 4) r6c9-r6c8-r7c8-r7c9-r8c9-r8c8
573/727 infeasible 0.2s (2, 4) r6c9-r6c8-r7c8-r7c9-r8c9-r9c9
574/727 FEASIBLE 0.5s (2, 4) r6c9-r6c8-r7c8-r8c8-r8c7-r7c7
575/727 FEASIBLE 0.7s (2, 4) r6c9-r6c8-r7c8-r8c8-r8c7-r9c7
576/727 infeasible 0.2s (2, 4) r6c9-r6c8-r7c8-r8c8-r8c9-r7c9
577/727 infeasible 0.2s (2, 4) r6c9-r6c8-r7c8-r8c8-r8c9-r9c9
578/727 infeasible 0.2s (2, 4) r6c9-r6c8-r7c8-r8c8-r9c8-r9c7
579/727 infeasible 0.2s (2, 4) r6c9-r6c8-r7c8-r8c8-r9c8-r9c9
580/727 FEASIBLE 0.4s (1, 4, 1) r6c9-r7c9-r7c8-r7c7-r8c7-r8c6
581/727 FEASIBLE 0.3s (1, 4, 1) r6c9-r7c9-r7c8-r8c8-r8c7-r8c6
582/727 FEASIBLE 0.2s (1, 4, 1) r6c9-r7c9-r8c9-r8c8-r8c7-r8c6
583/727 infeasible 0.2s (1, 4, 1) r7c1-r6c1-r5c1-r5c2-r6c2-r7c2
584/727 infeasible 0.2s (1, 4, 1) r7c2-r6c2-r5c2-r5c3-r6c3-r7c3
585/727 infeasible 0.2s (2, 4) r7c5-r7c6-r7c7-r7c8-r7c9-r8c9
586/727 infeasible 0.2s (2, 4) r7c5-r7c6-r7c7-r7c8-r8c8-r8c7
587/727 infeasible 0.2s (2, 4) r7c5-r7c6-r7c7-r7c8-r8c8-r8c9
588/727 infeasible 0.2s (2, 4) r7c5-r7c6-r7c7-r7c8-r8c8-r9c8
589/727 infeasible 0.2s (2, 4) r7c5-r7c6-r7c7-r8c7-r8c8-r7c8
590/727 infeasible 0.2s (2, 4) r7c5-r7c6-r7c7-r8c7-r8c8-r8c9
591/727 infeasible 0.2s (2, 4) r7c5-r7c6-r7c7-r8c7-r8c8-r9c8
592/727 infeasible 0.2s (2, 4) r7c5-r7c6-r7c7-r8c7-r9c7-r9c8
593/727 FEASIBLE 0.3s (3, 3) r7c5-r7c6-r8c6-r8c7-r7c7-r7c8
594/727 FEASIBLE 0.4s (3, 3) r7c5-r7c6-r8c6-r8c7-r8c8-r7c8
595/727 FEASIBLE 0.5s (3, 3) r7c5-r7c6-r8c6-r8c7-r8c8-r8c9
596/727 FEASIBLE 0.4s (3, 3) r7c5-r7c6-r8c6-r8c7-r8c8-r9c8
597/727 FEASIBLE 0.4s (3, 3) r7c5-r7c6-r8c6-r8c7-r9c7-r9c8
598/727 FEASIBLE 0.5s (4, 2) r7c5-r7c6-r8c6-r9c6-r9c7-r8c7
599/727 infeasible 0.2s (4, 2) r7c5-r7c6-r8c6-r9c6-r9c7-r9c8
600/727 infeasible 1.1s (4, 2) r7c5-r8c5-r8c6-r7c6-r7c7-r7c8
601/727 infeasible 0.9s (4, 2) r7c5-r8c5-r8c6-r7c6-r7c7-r8c7
602/727 infeasible 1.5s (3, 3) r7c5-r8c5-r8c6-r8c7-r7c7-r7c8
603/727 infeasible 1.4s (3, 3) r7c5-r8c5-r8c6-r8c7-r8c8-r7c8
604/727 infeasible 1.2s (3, 3) r7c5-r8c5-r8c6-r8c7-r8c8-r8c9
605/727 infeasible 1.3s (3, 3) r7c5-r8c5-r8c6-r8c7-r8c8-r9c8
606/727 infeasible 1.2s (3, 3) r7c5-r8c5-r8c6-r8c7-r9c7-r9c8
607/727 infeasible 0.6s (4, 2) r7c5-r8c5-r8c6-r9c6-r9c7-r8c7
608/727 infeasible 0.2s (4, 2) r7c5-r8c5-r8c6-r9c6-r9c7-r9c8
609/727 infeasible 0.2s (4, 2) r7c5-r8c5-r9c5-r9c6-r9c7-r8c7
610/727 infeasible 0.2s (4, 2) r7c5-r8c5-r9c5-r9c6-r9c7-r9c8
611/727 infeasible 0.9s (4, 2) r7c6-r7c5-r8c5-r8c6-r8c7-r7c7
612/727 infeasible 0.7s (4, 2) r7c6-r7c5-r8c5-r8c6-r8c7-r8c8
613/727 infeasible 0.7s (4, 2) r7c6-r7c5-r8c5-r8c6-r8c7-r9c7
614/727 infeasible 0.0s (1, 4, 1) r7c6-r7c7-r7c8-r8c8-r8c7-r8c6
615/727 FEASIBLE 0.3s (2, 4) r7c6-r8c6-r8c7-r7c7-r7c8-r7c9
616/727 FEASIBLE 0.3s (2, 4) r7c6-r8c6-r8c7-r7c7-r7c8-r8c8
617/727 FEASIBLE 0.3s (2, 4) r7c6-r8c6-r8c7-r8c8-r7c8-r7c7
618/727 FEASIBLE 0.3s (2, 4) r7c6-r8c6-r8c7-r8c8-r7c8-r7c9
619/727 FEASIBLE 0.3s (2, 4) r7c6-r8c6-r8c7-r8c8-r8c9-r7c9
620/727 FEASIBLE 0.4s (2, 4) r7c6-r8c6-r8c7-r8c8-r8c9-r9c9
621/727 FEASIBLE 0.3s (2, 4) r7c6-r8c6-r8c7-r8c8-r9c8-r9c7
622/727 FEASIBLE 0.2s (2, 4) r7c6-r8c6-r8c7-r8c8-r9c8-r9c9
623/727 FEASIBLE 0.3s (2, 4) r7c6-r8c6-r8c7-r9c7-r9c8-r8c8
624/727 FEASIBLE 0.4s (2, 4) r7c6-r8c6-r8c7-r9c7-r9c8-r9c9
625/727 infeasible 0.4s (3, 3) r7c6-r8c6-r9c6-r9c7-r8c7-r7c7
626/727 FEASIBLE 0.3s (3, 3) r7c6-r8c6-r9c6-r9c7-r8c7-r8c8
627/727 infeasible 0.2s (3, 3) r7c6-r8c6-r9c6-r9c7-r9c8-r8c8
628/727 infeasible 0.2s (3, 3) r7c6-r8c6-r9c6-r9c7-r9c8-r9c9
629/727 infeasible 2.2s (1, 4, 1) r7c7-r7c6-r7c5-r8c5-r8c6-r8c7
630/727 infeasible 0.2s (4, 2) r7c7-r7c8-r8c8-r8c7-r8c6-r8c5
631/727 FEASIBLE 0.6s (4, 2) r7c7-r7c8-r8c8-r8c7-r8c6-r9c6
632/727 infeasible 0.9s (2, 4) r7c7-r8c7-r8c6-r7c6-r7c5-r8c5
633/727 FEASIBLE 0.4s (2, 4) r7c7-r8c7-r8c6-r8c5-r9c5-r9c6
634/727 FEASIBLE 0.4s (2, 4) r7c7-r8c7-r8c6-r9c6-r9c5-r8c5
635/727 FEASIBLE 1.1s (3, 3) r7c7-r8c7-r9c7-r9c6-r8c6-r8c5
636/727 infeasible 0.4s (3, 3) r7c7-r8c7-r9c7-r9c6-r9c5-r8c5
637/727 infeasible 0.2s (1, 4, 1) r7c8-r6c8-r5c8-r5c9-r6c9-r7c9
638/727 infeasible 1.0s (2, 4) r7c8-r7c7-r7c6-r7c5-r8c5-r8c6
639/727 infeasible 0.5s (2, 4) r7c8-r7c7-r7c6-r7c5-r8c5-r9c5
640/727 FEASIBLE 0.4s (2, 4) r7c8-r7c7-r7c6-r8c6-r8c5-r9c5
641/727 infeasible 0.2s (2, 4) r7c8-r7c7-r7c6-r8c6-r9c6-r9c5
642/727 FEASIBLE 0.9s (3, 3) r7c8-r7c7-r8c7-r8c6-r8c5-r9c5
643/727 infeasible 0.3s (3, 3) r7c8-r7c7-r8c7-r8c6-r9c6-r9c5
644/727 FEASIBLE 0.4s (4, 2) r7c8-r7c7-r8c7-r9c7-r9c6-r8c6
645/727 FEASIBLE 0.4s (4, 2) r7c8-r7c7-r8c7-r9c7-r9c6-r9c5
646/727 FEASIBLE 0.2s (4, 2) r7c8-r8c8-r8c7-r7c7-r7c6-r8c6
647/727 FEASIBLE 0.6s (3, 3) r7c8-r8c8-r8c7-r8c6-r8c5-r9c5
648/727 FEASIBLE 0.2s (3, 3) r7c8-r8c8-r8c7-r8c6-r9c6-r9c5
649/727 FEASIBLE 0.4s (4, 2) r7c8-r8c8-r8c7-r9c7-r9c6-r8c6
650/727 FEASIBLE 0.4s (4, 2) r7c8-r8c8-r8c7-r9c7-r9c6-r9c5
651/727 infeasible 0.2s (4, 2) r7c8-r8c8-r9c8-r9c7-r9c6-r8c6
652/727 infeasible 0.2s (4, 2) r7c8-r8c8-r9c8-r9c7-r9c6-r9c5
653/727 infeasible 1.2s (3, 3) r7c9-r7c8-r7c7-r7c6-r7c5-r8c5
654/727 FEASIBLE 0.4s (3, 3) r7c9-r7c8-r7c7-r7c6-r8c6-r8c5
655/727 FEASIBLE 0.3s (3, 3) r7c9-r7c8-r7c7-r7c6-r8c6-r9c6
656/727 infeasible 0.2s (4, 2) r7c9-r7c8-r7c7-r8c7-r8c6-r8c5
657/727 FEASIBLE 0.3s (4, 2) r7c9-r7c8-r7c7-r8c7-r8c6-r9c6
658/727 infeasible 0.2s (4, 2) r7c9-r7c8-r8c8-r8c7-r8c6-r8c5
659/727 FEASIBLE 0.3s (4, 2) r7c9-r7c8-r8c8-r8c7-r8c6-r9c6
660/727 infeasible 0.2s (4, 2) r7c9-r8c9-r8c8-r8c7-r8c6-r8c5
661/727 FEASIBLE 0.3s (4, 2) r7c9-r8c9-r8c8-r8c7-r8c6-r9c6
662/727 infeasible 1.2s (3, 3) r8c5-r7c5-r7c6-r7c7-r7c8-r8c8
663/727 infeasible 1.0s (3, 3) r8c5-r7c5-r7c6-r7c7-r8c7-r8c8
664/727 infeasible 0.9s (3, 3) r8c5-r7c5-r7c6-r7c7-r8c7-r9c7
665/727 infeasible 0.8s (4, 2) r8c5-r7c5-r7c6-r8c6-r8c7-r8c8
666/727 infeasible 0.7s (4, 2) r8c5-r7c5-r7c6-r8c6-r8c7-r9c7
667/727 FEASIBLE 0.3s (3, 3) r8c5-r8c6-r7c6-r7c7-r7c8-r8c8
668/727 FEASIBLE 0.3s (3, 3) r8c5-r8c6-r7c6-r7c7-r8c7-r8c8
669/727 FEASIBLE 0.3s (3, 3) r8c5-r8c6-r7c6-r7c7-r8c7-r9c7
670/727 infeasible 0.2s (2, 4) r8c5-r8c6-r8c7-r7c7-r7c8-r8c8
671/727 infeasible 0.2s (2, 4) r8c5-r8c6-r8c7-r8c8-r8c9-r9c9
672/727 infeasible 0.2s (2, 4) r8c5-r8c6-r8c7-r8c8-r9c8-r9c7
673/727 infeasible 0.2s (2, 4) r8c5-r8c6-r8c7-r8c8-r9c8-r9c9
674/727 infeasible 0.2s (2, 4) r8c5-r8c6-r8c7-r9c7-r9c8-r8c8
675/727 infeasible 0.2s (2, 4) r8c5-r8c6-r8c7-r9c7-r9c8-r9c9
676/727 FEASIBLE 0.7s (3, 3) r8c5-r8c6-r9c6-r9c7-r8c7-r8c8
677/727 infeasible 0.2s (3, 3) r8c5-r8c6-r9c6-r9c7-r9c8-r8c8
678/727 infeasible 0.2s (3, 3) r8c5-r8c6-r9c6-r9c7-r9c8-r9c9
679/727 infeasible 0.3s (4, 2) r8c5-r9c5-r9c6-r8c6-r8c7-r8c8
680/727 infeasible 0.2s (4, 2) r8c5-r9c5-r9c6-r8c6-r8c7-r9c7
681/727 FEASIBLE 1.3s (3, 3) r8c5-r9c5-r9c6-r9c7-r8c7-r8c8
682/727 infeasible 0.2s (3, 3) r8c5-r9c5-r9c6-r9c7-r9c8-r8c8
683/727 infeasible 0.2s (3, 3) r8c5-r9c5-r9c6-r9c7-r9c8-r9c9
684/727 FEASIBLE 0.3s (2, 4) r8c6-r7c6-r7c7-r7c8-r7c9-r8c9
685/727 FEASIBLE 0.3s (2, 4) r8c6-r7c6-r7c7-r7c8-r8c8-r8c7
686/727 FEASIBLE 0.3s (2, 4) r8c6-r7c6-r7c7-r7c8-r8c8-r8c9
687/727 FEASIBLE 0.3s (2, 4) r8c6-r7c6-r7c7-r7c8-r8c8-r9c8
688/727 FEASIBLE 0.4s (2, 4) r8c6-r7c6-r7c7-r8c7-r8c8-r8c9
689/727 FEASIBLE 0.3s (2, 4) r8c6-r7c6-r7c7-r8c7-r8c8-r9c8
690/727 FEASIBLE 0.4s (2, 4) r8c6-r7c6-r7c7-r8c7-r9c7-r9c8
691/727 infeasible 0.9s (4, 2) r8c6-r8c5-r7c5-r7c6-r7c7-r8c7
692/727 infeasible 0.2s (4, 2) r8c6-r8c5-r9c5-r9c6-r9c7-r8c7
693/727 infeasible 0.2s (4, 2) r8c6-r8c5-r9c5-r9c6-r9c7-r9c8
694/727 infeasible 16.5s (1, 4, 1) r8c6-r8c7-r8c8-r9c8-r9c7-r9c6
695/727 FEASIBLE 0.7s (2, 4) r8c6-r9c6-r9c7-r8c7-r8c8-r8c9
696/727 FEASIBLE 0.3s (2, 4) r8c6-r9c6-r9c7-r8c7-r8c8-r9c8
697/727 FEASIBLE 0.3s (2, 4) r8c6-r9c6-r9c7-r9c8-r8c8-r8c7
698/727 infeasible 0.2s (2, 4) r8c6-r9c6-r9c7-r9c8-r8c8-r8c9
699/727 infeasible 0.2s (2, 4) r8c6-r9c6-r9c7-r9c8-r9c9-r8c9
700/727 infeasible 0.8s (2, 4) r8c7-r7c7-r7c6-r7c5-r8c5-r9c5
701/727 FEASIBLE 0.5s (2, 4) r8c7-r7c7-r7c6-r8c6-r8c5-r9c5
702/727 infeasible 0.2s (2, 4) r8c7-r7c7-r7c6-r8c6-r9c6-r9c5
703/727 infeasible 0.2s (1, 4, 1) r8c7-r8c6-r8c5-r9c5-r9c6-r9c7
704/727 FEASIBLE 0.3s (4, 2) r8c7-r8c8-r9c8-r9c7-r9c6-r9c5
705/727 infeasible 0.2s (2, 4) r8c7-r9c7-r9c6-r8c6-r8c5-r9c5
706/727 FEASIBLE 0.5s (3, 3) r8c8-r7c8-r7c7-r7c6-r8c6-r9c6
707/727 FEASIBLE 0.6s (4, 2) r8c8-r7c8-r7c7-r8c7-r8c6-r9c6
708/727 infeasible 0.3s (3, 3) r8c8-r8c7-r7c7-r7c6-r8c6-r9c6
709/727 infeasible 0.3s (2, 4) r8c8-r8c7-r8c6-r8c5-r9c5-r9c6
710/727 FEASIBLE 0.3s (4, 2) r8c8-r9c8-r9c7-r8c7-r8c6-r9c6
711/727 FEASIBLE 0.5s (3, 3) r8c9-r8c8-r8c7-r8c6-r8c5-r9c5
712/727 FEASIBLE 0.6s (3, 3) r8c9-r8c8-r8c7-r8c6-r9c6-r9c5
713/727 FEASIBLE 0.2s (4, 2) r8c9-r8c8-r8c7-r9c7-r9c6-r9c5
714/727 infeasible 0.2s (4, 2) r8c9-r8c8-r9c8-r9c7-r9c6-r9c5
715/727 infeasible 0.2s (4, 2) r8c9-r9c9-r9c8-r9c7-r9c6-r9c5
716/727 FEASIBLE 0.6s (3, 3) r9c5-r8c5-r8c6-r8c7-r8c8-r9c8
717/727 FEASIBLE 1.2s (3, 3) r9c5-r8c5-r8c6-r8c7-r9c7-r9c8
718/727 infeasible 0.2s (4, 2) r9c5-r8c5-r8c6-r9c6-r9c7-r9c8
719/727 FEASIBLE 0.6s (3, 3) r9c5-r9c6-r8c6-r8c7-r8c8-r9c8
720/727 FEASIBLE 0.3s (3, 3) r9c5-r9c6-r8c6-r8c7-r9c7-r9c8
721/727 FEASIBLE 0.3s (2, 4) r9c5-r9c6-r9c7-r8c7-r8c8-r9c8
722/727 infeasible 0.4s (3, 3) r9c6-r8c6-r7c6-r7c7-r8c7-r9c7
723/727 FEASIBLE 0.3s (2, 4) r9c6-r8c6-r8c7-r8c8-r8c9-r9c9
724/727 FEASIBLE 0.3s (2, 4) r9c6-r8c6-r8c7-r8c8-r9c8-r9c7
725/727 FEASIBLE 0.3s (2, 4) r9c6-r8c6-r8c7-r8c8-r9c8-r9c9
726/727 FEASIBLE 0.4s (2, 4) r9c6-r8c6-r8c7-r9c7-r9c8-r9c9
727/727 infeasible 0.2s (4, 2) r9c6-r9c5-r8c5-r8c6-r8c7-r9c7
DONE
