candidates-only22_cand_01: step 1 after 2 tries — grid 18 cells from origin, shading 0
candidates-only22_cand_03: step 1 after 12 tries — grid 18 cells from origin, shading 3
candidates-multi2_cand_02: REJECTED an illegal shading: rule 6: banana group at (0, 8) is not consecutive: [1, 8, 7, 6, 5, 9]
candidates-multi2_cand_02: step 1 after 12 tries — grid 18 cells from origin, shading 10
candidates-2x4_cand_01: step 1 after 21 tries — grid 18 cells from origin, shading 14
candidates-only22_cand_02: step 1 after 27 tries — grid 18 cells from origin, shading 4
candidates-multi2_cand_02: REJECTED an illegal shading: rule 6: banana group at (0, 1) is not consecutive: [6, 2, 3, 4]
candidates-multi2_cand_02: REJECTED an illegal shading: rule 6: banana group at (0, 1) is not consecutive: [6, 2, 3, 4]
candidates-only22_cand_02: step 2 after 34 tries — grid 0 cells from origin, shading 3
candidates-multi2_cand_00: step 1 after 21 tries — grid 18 cells from origin, shading 6
candidates-only23_cand_01: step 1 after 33 tries — grid 18 cells from origin, shading 7
candidates-multi2_cand_00: step 2 after 27 tries — grid 30 cells from origin, shading 3
candidates-2x4_cand_01: step 2 after 47 tries — grid 27 cells from origin, shading 14
candidates-multi2_cand_02: REJECTED an illegal shading: rule 6: banana group at (0, 1) is not consecutive: [6, 2, 3, 4]
candidates-only22_cand_03: step 2 after 47 tries — grid 36 cells from origin, shading 3
candidates-multi2_cand_00: step 3 after 33 tries — grid 41 cells from origin, shading 8
candidates-multi2_cand_02: REJECTED an illegal shading: rule 6: banana group at (0, 1) is not consecutive: [6, 2, 3, 4]
candidates-multi2_cand_00: step 4 after 34 tries — grid 32 cells from origin, shading 9
candidates-2x4_cand_02: REJECTED an illegal shading: rule 6: banana group at (0, 0) is not consecutive: [4, 6, 3]
candidates-2x4_cand_01: step 3 after 63 tries — grid 18 cells from origin, shading 14
candidates-multi2_cand_02: step 2 after 47 tries — grid 36 cells from origin, shading 9
candidates-multi2_cand_02: step 3 after 48 tries — grid 44 cells from origin, shading 16
candidates-only22_cand_02: step 3 after 67 tries — grid 18 cells from origin, shading 4
candidates-only23_cand_01: step 2 after 57 tries — grid 30 cells from origin, shading 7
candidates-2x4_cand_02: REJECTED an illegal shading: rule 6: banana group at (6, 7) is not consecutive: [5, 8, 2, 3]
candidates-multi2_cand_00: step 5 after 47 tries — grid 39 cells from origin, shading 10
candidates-only22_cand_03: step 3 after 63 tries — grid 18 cells from origin, shading 5
candidates-2x4_cand_02: REJECTED an illegal shading: rule 6: banana group at (0, 0) is not consecutive: [4, 6, 3]
candidates-only22_cand_03: step 4 after 70 tries — grid 27 cells from origin, shading 6
candidates-multi2_cand_02: step 4 after 63 tries — grid 32 cells from origin, shading 15
candidates-only22_cand_02: step 4 after 84 tries — grid 0 cells from origin, shading 3
candidates-only22_cand_02: step 5 after 85 tries — grid 18 cells from origin, shading 4
candidates-only22_cand_03: step 5 after 75 tries — grid 18 cells from origin, shading 2
candidates-2x4_cand_02: REJECTED an illegal shading: rule 6: banana group at (0, 0) is not consecutive: [4, 5, 2]
candidates-multi2_cand_00: step 6 after 63 tries — grid 32 cells from origin, shading 10
candidates-only22_cand_03: step 6 after 78 tries — grid 27 cells from origin, shading 5
candidates-multi2_cand_02: step 5 after 71 tries — grid 18 cells from origin, shading 10
candidates-multi2_cand_02: step 6 after 74 tries — grid 32 cells from origin, shading 15
candidates-multi2_cand_00: step 7 after 67 tries — grid 41 cells from origin, shading 7
candidates-multi2_cand_00: step 8 after 68 tries — grid 30 cells from origin, shading 3
candidates-only22_cand_01: step 2 after 88 tries — grid 0 cells from origin, shading 1
candidates-multi2_cand_00: step 9 after 84 tries — grid 18 cells from origin, shading 6
candidates-multi2_cand_00: step 10 after 85 tries — grid 30 cells from origin, shading 3
candidates-multi2_cand_02: step 7 after 94 tries — grid 18 cells from origin, shading 10
candidates-multi2_cand_02: step 8 after 96 tries — grid 32 cells from origin, shading 15
candidates-multi2_cand_02: REJECTED an illegal shading: rule 6: banana group at (4, 8) is not consecutive: [9, 8, 3, 5, 1, 4]
candidates-only22_cand_03: step 7 after 116 tries — grid 18 cells from origin, shading 5
candidates-only22_cand_03: step 8 after 118 tries — grid 27 cells from origin, shading 5
candidates-2x4_cand_02: REJECTED an illegal shading: rule 6: banana group at (0, 0) is not consecutive: [4, 5, 2]
candidates-2x4_cand_02: REJECTED an illegal shading: rule 6: banana group at (0, 0) is not consecutive: [4, 5, 2]
candidates-multi2_cand_02: step 9 after 109 tries — grid 18 cells from origin, shading 10
candidates-multi2_cand_00: step 11 after 107 tries — grid 41 cells from origin, shading 7
candidates-only23_cand_00: DONE 0 steps in 111 tries
candidates-only22_cand_01: DONE 2 steps in 128 tries
candidates-multi2_cand_00: DONE 11 steps in 109 tries
candidates-multi2_cand_01: DONE 0 steps in 154 tries
candidates-only22_cand_02: DONE 5 steps in 144 tries
candidates-only22_cand_00: DONE 0 steps in 100 tries
candidates-2x4_cand_00: DONE 0 steps in 82 tries
candidates-only22_cand_03: DONE 8 steps in 140 tries
candidates-2x4_cand_01: DONE 3 steps in 155 tries
candidates-only23_cand_01: DONE 2 steps in 129 tries
candidates-multi2_cand_02: DONE 9 steps in 118 tries
candidates-2x4_cand_02: DONE 0 steps in 136 tries
candidates_cand_05: step 1 after 10 tries — grid 18 cells from origin, shading 0
candidates_cand_01: step 1 after 12 tries — grid 18 cells from origin, shading 4
candidates_cand_05: step 2 after 12 tries — grid 36 cells from origin, shading 0
candidates_cand_01: step 2 after 21 tries — grid 36 cells from origin, shading 2
candidates_cand_06: step 1 after 10 tries — grid 18 cells from origin, shading 1
candidates_cand_03: step 1 after 24 tries — grid 18 cells from origin, shading 4
candidates_cand_03: step 2 after 26 tries — grid 0 cells from origin, shading 3
candidates_cand_06: step 2 after 21 tries — grid 36 cells from origin, shading 1
candidates_cand_01: step 3 after 47 tries — grid 45 cells from origin, shading 1
candidates_cand_02: REJECTED an illegal shading: rule 6: banana group at (3, 5) is not consecutive: [9, 7, 3, 4, 8, 5]
candidates_cand_03: step 3 after 37 tries — grid 18 cells from origin, shading 7
candidates_cand_01: step 4 after 63 tries — grid 36 cells from origin, shading 2
candidates_cand_03: step 4 after 39 tries — grid 0 cells from origin, shading 0
candidates_cand_05: step 3 after 78 tries — grid 18 cells from origin, shading 0
candidates_cand_03: REJECTED an illegal shading: rule 6: banana group at (6, 0) is not consecutive: [9, 8, 6]
candidates_cand_03: step 5 after 48 tries — grid 18 cells from origin, shading 11
candidates_cand_01: step 5 after 78 tries — grid 18 cells from origin, shading 1
candidates_cand_00: step 1 after 57 tries — grid 18 cells from origin, shading 7
candidates_cand_03: step 6 after 63 tries — grid 32 cells from origin, shading 10
candidates_cand_03: step 7 after 71 tries — grid 18 cells from origin, shading 10
candidates_cand_03: step 8 after 74 tries — grid 32 cells from origin, shading 10
candidates_cand_03: REJECTED an illegal shading: rule 6: banana group at (6, 0) is not consecutive: [8, 9, 3, 5]
candidates_cand_03: step 9 after 79 tries — grid 43 cells from origin, shading 10
candidates_cand_02: REJECTED an illegal shading: rule 6: banana group at (3, 5) is not consecutive: [9, 7, 3, 4, 8, 5]
candidates_cand_03: step 10 after 94 tries — grid 32 cells from origin, shading 10
candidates_cand_03: step 11 after 96 tries — grid 43 cells from origin, shading 11
candidates_cand_06: REJECTED an illegal shading: rule 6: banana group at (0, 0) is not consecutive: [8, 6, 9]
candidates_cand_03: step 12 after 99 tries — grid 32 cells from origin, shading 7
candidates_cand_03: REJECTED an illegal shading: rule 6: banana group at (6, 0) is not consecutive: [9, 8, 6]
candidates_cand_03: step 13 after 109 tries — grid 43 cells from origin, shading 11
candidates_cand_03: step 14 after 128 tries — grid 32 cells from origin, shading 10
candidates_cand_03: step 15 after 129 tries — grid 43 cells from origin, shading 11
candidates_cand_02: REJECTED an illegal shading: rule 6: banana group at (3, 5) is not consecutive: [9, 7, 3, 4, 8, 5]
candidates_cand_05: step 4 after 203 tries — grid 0 cells from origin, shading 0
candidates_cand_03: step 16 after 141 tries — grid 32 cells from origin, shading 10
candidates-only23_cand_03: DONE 0 steps in 127 tries
candidates-only23_cand_02: DONE 0 steps in 145 tries
candidates-only23_cand_04: DONE 0 steps in 124 tries
candidates_cand_02: DONE 0 steps in 114 tries
candidates_cand_01: DONE 5 steps in 199 tries
candidates_cand_00: DONE 1 steps in 122 tries
candidates_cand_05: DONE 4 steps in 207 tries
candidates_cand_03: DONE 16 steps in 145 tries
candidates_cand_04: DONE 0 steps in 214 tries
candidates_cand_06: DONE 2 steps in 78 tries
candidates_cand_07: DONE 0 steps in 125 tries
