candidates/cand_00.json: optimal cuts=94 matches_original=False choc=33 (orig 33)
candidates/cand_01.json: optimal cuts=64 matches_original=False choc=29 (orig 30)
candidates/cand_02.json: optimal cuts=73 matches_original=False choc=32 (orig 31)
candidates/cand_03.json: optimal cuts=86 matches_original=False choc=29 (orig 29)
candidates/cand_04.json: optimal cuts=68 matches_original=False choc=31 (orig 30)
candidates/cand_05.json: optimal cuts=60 matches_original=True choc=29 (orig 29)
candidates/cand_06.json: optimal cuts=73 matches_original=True choc=30 (orig 30)
candidates/cand_07.json: optimal cuts=80 matches_original=False choc=33 (orig 33)
candidates-2x4/cand_00.json: optimal cuts=85 matches_original=False choc=35 (orig 34)
candidates-2x4/cand_01.json: optimal cuts=72 matches_original=False choc=30 (orig 32)
candidates-2x4/cand_02.json: optimal cuts=90 matches_original=False choc=31 (orig 34)
candidates-multi2/cand_00.json: optimal cuts=102 matches_original=False choc=29 (orig 31)
candidates-multi2/cand_01.json: optimal cuts=73 matches_original=False choc=34 (orig 34)
candidates-multi2/cand_02.json: optimal cuts=89 matches_original=False choc=29 (orig 32)
candidates-only22/cand_00.json: optimal cuts=81 matches_original=True choc=33 (orig 33)
candidates-only22/cand_01.json: optimal cuts=80 matches_original=True choc=33 (orig 33)
candidates-only22/cand_02.json: optimal cuts=76 matches_original=True choc=33 (orig 33)
candidates-only22/cand_03.json: optimal cuts=70 matches_original=False choc=30 (orig 31)
candidates-only23/cand_00.json: optimal cuts=86 matches_original=False choc=29 (orig 31)
candidates-only23/cand_01.json: optimal cuts=67 matches_original=True choc=32 (orig 32)
candidates-only23/cand_02.json: optimal cuts=87 matches_original=True choc=32 (orig 32)
candidates-only23/cand_03.json: optimal cuts=80 matches_original=False choc=33 (orig 33)
candidates-only23/cand_04.json: optimal cuts=74 matches_original=True choc=33 (orig 33)
PASS
