
== length 4: structures [(1, 1, 1, 1), (1, 1, 2), (1, 3), (2, 2), (4,)]
  (1, 1, 1, 1) vs (1, 1, 2): IMPOSSIBLE
  (1, 1, 1, 1) vs (1, 3): IMPOSSIBLE
  (1, 1, 1, 1) vs (2, 2): COPYCAT FORCED (>= 2)  cc=2: [(3, 6), (4, 8), (5, 10), (6, 12), (7, 14), (8, 16), (9, 18)]
  (1, 1, 1, 1) vs (4,): IMPOSSIBLE
  (1, 1, 2) vs (1, 3): IMPOSSIBLE
  (1, 1, 2) vs (2, 2): COPYCAT FORCED (>= 1)  cc=1: [(4, 6), (6, 9), (8, 12)]
  (1, 1, 2) vs (4,): COPYCAT FORCED (>= 1)  cc=1: [(3, 9), (4, 12), (5, 15), (6, 18), (7, 21), (8, 24), (9, 27)]
  (1, 3) vs (2, 2): IMPOSSIBLE
  (1, 3) vs (4,): open  cc=0: [(6, 12), (7, 14), (8, 16), (9, 18)]; cc=2: [(4, 8), (5, 10)]
  (2, 2) vs (4,): open  cc=0: [(5, 10), (6, 12), (7, 14), (8, 16), (9, 18), (10, 20), (11, 22), (12, 24), (13, 26), (14, 28), (15, 30)]; cc=2: [(4, 8), (16, 32)]

== length 5: structures [(1, 1, 1, 1, 1), (1, 1, 1, 2), (1, 1, 3), (1, 2, 2), (1, 4), (2, 3), (5,)]
  (1, 1, 1, 1, 1) vs (1, 1, 1, 2): IMPOSSIBLE
  (1, 1, 1, 1, 1) vs (1, 1, 3): IMPOSSIBLE
  (1, 1, 1, 1, 1) vs (1, 2, 2): IMPOSSIBLE
  (1, 1, 1, 1, 1) vs (1, 4): IMPOSSIBLE
  (1, 1, 1, 1, 1) vs (2, 3): IMPOSSIBLE
  (1, 1, 1, 1, 1) vs (5,): IMPOSSIBLE
  (1, 1, 1, 2) vs (1, 1, 3): IMPOSSIBLE
  (1, 1, 1, 2) vs (1, 2, 2): IMPOSSIBLE
  (1, 1, 1, 2) vs (1, 4): IMPOSSIBLE
  (1, 1, 1, 2) vs (2, 3): COPYCAT FORCED (>= 1)  cc=1: [(3, 6), (4, 8), (5, 10), (6, 12), (7, 14), (8, 16), (9, 18)]
  (1, 1, 1, 2) vs (5,): IMPOSSIBLE
  (1, 1, 3) vs (1, 2, 2): IMPOSSIBLE
  (1, 1, 3) vs (1, 4): IMPOSSIBLE
  (1, 1, 3) vs (2, 3): open  cc=0: [(6, 9), (8, 12)]; cc=2: [(4, 6)]
  (1, 1, 3) vs (5,): COPYCAT FORCED (>= 1)  cc=1: [(6, 18), (7, 21), (8, 24), (9, 27)]
  (1, 2, 2) vs (1, 4): IMPOSSIBLE
  (1, 2, 2) vs (2, 3): open  cc=0: [(6, 9), (8, 12)]; cc=1: [(4, 6)]
  (1, 2, 2) vs (5,): open  cc=0: [(5, 15), (6, 18), (7, 21), (8, 24), (9, 27)]; cc=2: [(4, 12)]
  (1, 4) vs (2, 3): IMPOSSIBLE
  (1, 4) vs (5,): COPYCAT FORCED (>= 2)  cc=2: [(7, 14), (8, 16), (9, 18)]
  (2, 3) vs (5,): open  cc=0: [(8, 16), (9, 18), (10, 20), (11, 22), (12, 24), (13, 26), (14, 28), (15, 30), (16, 32), (17, 34)]; cc=1: [(6, 12), (7, 14)]; cc=2: [(18, 36)]

== length 6: structures [(1, 1, 1, 1, 1, 1), (1, 1, 1, 1, 2), (1, 1, 1, 3), (1, 1, 2, 2), (1, 1, 4), (1, 2, 3), (1, 5), (2, 2, 2), (2, 4), (3, 3), (6,)]
  (1, 1, 1, 1, 1, 1) vs (1, 1, 1, 1, 2): IMPOSSIBLE
  (1, 1, 1, 1, 1, 1) vs (1, 1, 1, 3): IMPOSSIBLE
  (1, 1, 1, 1, 1, 1) vs (1, 1, 2, 2): IMPOSSIBLE
  (1, 1, 1, 1, 1, 1) vs (1, 1, 4): IMPOSSIBLE
  (1, 1, 1, 1, 1, 1) vs (1, 2, 3): IMPOSSIBLE
  (1, 1, 1, 1, 1, 1) vs (1, 5): IMPOSSIBLE
  (1, 1, 1, 1, 1, 1) vs (2, 2, 2): COPYCAT FORCED (>= 3)  cc=3: [(3, 6), (4, 8), (5, 10), (6, 12), (7, 14), (8, 16), (9, 18)]
  (1, 1, 1, 1, 1, 1) vs (2, 4): IMPOSSIBLE
  (1, 1, 1, 1, 1, 1) vs (3, 3): IMPOSSIBLE
  (1, 1, 1, 1, 1, 1) vs (6,): IMPOSSIBLE
  (1, 1, 1, 1, 2) vs (1, 1, 1, 3): IMPOSSIBLE
  (1, 1, 1, 1, 2) vs (1, 1, 2, 2): IMPOSSIBLE
  (1, 1, 1, 1, 2) vs (1, 1, 4): IMPOSSIBLE
  (1, 1, 1, 1, 2) vs (1, 2, 3): IMPOSSIBLE
  (1, 1, 1, 1, 2) vs (1, 5): IMPOSSIBLE
  (1, 1, 1, 1, 2) vs (2, 2, 2): IMPOSSIBLE
  (1, 1, 1, 1, 2) vs (2, 4): IMPOSSIBLE
  (1, 1, 1, 1, 2) vs (3, 3): COPYCAT FORCED (>= 3)  cc=3: [(4, 10), (6, 15), (8, 20)]
  (1, 1, 1, 1, 2) vs (6,): IMPOSSIBLE
  (1, 1, 1, 3) vs (1, 1, 2, 2): IMPOSSIBLE
  (1, 1, 1, 3) vs (1, 1, 4): IMPOSSIBLE
  (1, 1, 1, 3) vs (1, 2, 3): IMPOSSIBLE
  (1, 1, 1, 3) vs (1, 5): IMPOSSIBLE
  (1, 1, 1, 3) vs (2, 2, 2): IMPOSSIBLE
  (1, 1, 1, 3) vs (2, 4): COPYCAT FORCED (>= 1)  cc=1: [(6, 12), (7, 14), (8, 16), (9, 18)]; cc=3: [(4, 8), (5, 10)]
  (1, 1, 1, 3) vs (3, 3): IMPOSSIBLE
  (1, 1, 1, 3) vs (6,): IMPOSSIBLE
  (1, 1, 2, 2) vs (1, 1, 4): IMPOSSIBLE
  (1, 1, 2, 2) vs (1, 2, 3): IMPOSSIBLE
  (1, 1, 2, 2) vs (1, 5): IMPOSSIBLE
  (1, 1, 2, 2) vs (2, 2, 2): COPYCAT FORCED (>= 1)  cc=1: [(3, 4), (6, 8), (9, 12)]
  (1, 1, 2, 2) vs (2, 4): COPYCAT FORCED (>= 1)  cc=1: [(5, 10), (6, 12), (7, 14), (8, 16), (9, 18)]; cc=3: [(4, 8)]
  (1, 1, 2, 2) vs (3, 3): open  cc=0: [(3, 6), (4, 8), (5, 10), (6, 12), (7, 14), (8, 16), (9, 18)]
  (1, 1, 2, 2) vs (6,): COPYCAT FORCED (>= 1)  cc=1: [(5, 20), (6, 24), (7, 28), (8, 32), (9, 36)]
  (1, 1, 4) vs (1, 2, 3): IMPOSSIBLE
  (1, 1, 4) vs (1, 5): IMPOSSIBLE
  (1, 1, 4) vs (2, 2, 2): IMPOSSIBLE
  (1, 1, 4) vs (2, 4): SUMS PINNED COPYCAT FORCED (>= 2)  cc=2: [(8, 12)]
  (1, 1, 4) vs (3, 3): SUMS PINNED COPYCAT FORCED (>= 2)  cc=2: [(8, 12)]
  (1, 1, 4) vs (6,): IMPOSSIBLE
  (1, 2, 3) vs (1, 5): IMPOSSIBLE
  (1, 2, 3) vs (2, 2, 2): IMPOSSIBLE
  (1, 2, 3) vs (2, 4): open  cc=0: [(8, 12)]; cc=1: [(6, 9)]
  (1, 2, 3) vs (3, 3): open  cc=0: [(6, 9), (8, 12)]; cc=2: [(4, 6)]
  (1, 2, 3) vs (6,): open  cc=0: [(8, 24), (9, 27)]; cc=1: [(6, 18), (7, 21)]
  (1, 5) vs (2, 2, 2): IMPOSSIBLE
  (1, 5) vs (2, 4): IMPOSSIBLE
  (1, 5) vs (3, 3): IMPOSSIBLE
  (1, 5) vs (6,): IMPOSSIBLE
  (2, 2, 2) vs (2, 4): open  cc=0: [(8, 12), (10, 15)]; cc=1: [(6, 9)]; cc=2: [(12, 18)]
  (2, 2, 2) vs (3, 3): open  cc=0: [(8, 12), (10, 15), (12, 18)]; cc=1: [(4, 6), (6, 9), (14, 21), (16, 24)]
  (2, 2, 2) vs (6,): open  cc=0: [(7, 21), (8, 24), (9, 27), (10, 30), (11, 33), (12, 36), (13, 39)]; cc=2: [(6, 18), (14, 42)]
  (2, 4) vs (3, 3): open  cc=0: [(11, 11), (12, 12), (13, 13), (14, 14), (15, 15), (16, 16), (17, 17)]; cc=1: [(8, 8), (9, 9), (10, 10), (18, 18)]; cc=2: [(7, 7)]
  (2, 4) vs (6,): open  cc=0: [(11, 22), (12, 24), (13, 26), (14, 28), (15, 30), (16, 32), (17, 34)]; cc=1: [(10, 20)]; cc=2: [(8, 16), (9, 18), (18, 36)]
  (3, 3) vs (6,): open  cc=0: [(11, 22), (12, 24), (13, 26), (14, 28), (15, 30), (16, 32), (17, 34), (18, 36), (19, 38)]; cc=1: [(8, 16), (9, 18), (10, 20), (20, 40), (21, 42), (22, 44)]

== length 7: structures [(1, 1, 1, 1, 1, 1, 1), (1, 1, 1, 1, 1, 2), (1, 1, 1, 1, 3), (1, 1, 1, 2, 2), (1, 1, 1, 4), (1, 1, 2, 3), (1, 1, 5), (1, 2, 2, 2), (1, 2, 4), (1, 3, 3), (1, 6), (2, 2, 3), (2, 5), (3, 4), (7,)]
  (1, 1, 1, 1, 1, 1, 1) vs (1, 1, 1, 1, 1, 2): IMPOSSIBLE
  (1, 1, 1, 1, 1, 1, 1) vs (1, 1, 1, 1, 3): IMPOSSIBLE
  (1, 1, 1, 1, 1, 1, 1) vs (1, 1, 1, 2, 2): IMPOSSIBLE
  (1, 1, 1, 1, 1, 1, 1) vs (1, 1, 1, 4): IMPOSSIBLE
  (1, 1, 1, 1, 1, 1, 1) vs (1, 1, 2, 3): IMPOSSIBLE
  (1, 1, 1, 1, 1, 1, 1) vs (1, 1, 5): IMPOSSIBLE
  (1, 1, 1, 1, 1, 1, 1) vs (1, 2, 2, 2): IMPOSSIBLE
  (1, 1, 1, 1, 1, 1, 1) vs (1, 2, 4): IMPOSSIBLE
  (1, 1, 1, 1, 1, 1, 1) vs (1, 3, 3): IMPOSSIBLE
  (1, 1, 1, 1, 1, 1, 1) vs (1, 6): IMPOSSIBLE
  (1, 1, 1, 1, 1, 1, 1) vs (2, 2, 3): IMPOSSIBLE
  (1, 1, 1, 1, 1, 1, 1) vs (2, 5): IMPOSSIBLE
  (1, 1, 1, 1, 1, 1, 1) vs (3, 4): IMPOSSIBLE
  (1, 1, 1, 1, 1, 1, 1) vs (7,): IMPOSSIBLE
  (1, 1, 1, 1, 1, 2) vs (1, 1, 1, 1, 3): IMPOSSIBLE
  (1, 1, 1, 1, 1, 2) vs (1, 1, 1, 2, 2): IMPOSSIBLE
  (1, 1, 1, 1, 1, 2) vs (1, 1, 1, 4): IMPOSSIBLE
  (1, 1, 1, 1, 1, 2) vs (1, 1, 2, 3): IMPOSSIBLE
  (1, 1, 1, 1, 1, 2) vs (1, 1, 5): IMPOSSIBLE
  (1, 1, 1, 1, 1, 2) vs (1, 2, 2, 2): IMPOSSIBLE
  (1, 1, 1, 1, 1, 2) vs (1, 2, 4): IMPOSSIBLE
  (1, 1, 1, 1, 1, 2) vs (1, 3, 3): IMPOSSIBLE
  (1, 1, 1, 1, 1, 2) vs (1, 6): IMPOSSIBLE
  (1, 1, 1, 1, 1, 2) vs (2, 2, 3): COPYCAT FORCED (>= 2)  cc=2: [(3, 6), (4, 8), (5, 10), (6, 12), (7, 14), (8, 16), (9, 18)]
  (1, 1, 1, 1, 1, 2) vs (2, 5): IMPOSSIBLE
  (1, 1, 1, 1, 1, 2) vs (3, 4): IMPOSSIBLE
  (1, 1, 1, 1, 1, 2) vs (7,): IMPOSSIBLE
  (1, 1, 1, 1, 3) vs (1, 1, 1, 2, 2): IMPOSSIBLE
  (1, 1, 1, 1, 3) vs (1, 1, 1, 4): IMPOSSIBLE
  (1, 1, 1, 1, 3) vs (1, 1, 2, 3): IMPOSSIBLE
  (1, 1, 1, 1, 3) vs (1, 1, 5): IMPOSSIBLE
  (1, 1, 1, 1, 3) vs (1, 2, 2, 2): IMPOSSIBLE
  (1, 1, 1, 1, 3) vs (1, 2, 4): IMPOSSIBLE
  (1, 1, 1, 1, 3) vs (1, 3, 3): IMPOSSIBLE
  (1, 1, 1, 1, 3) vs (1, 6): IMPOSSIBLE
  (1, 1, 1, 1, 3) vs (2, 2, 3): IMPOSSIBLE
  (1, 1, 1, 1, 3) vs (2, 5): IMPOSSIBLE
  (1, 1, 1, 1, 3) vs (3, 4): COPYCAT FORCED (>= 2)  cc=2: [(6, 15), (8, 20)]
  (1, 1, 1, 1, 3) vs (7,): IMPOSSIBLE
  (1, 1, 1, 2, 2) vs (1, 1, 1, 4): IMPOSSIBLE
  (1, 1, 1, 2, 2) vs (1, 1, 2, 3): IMPOSSIBLE
  (1, 1, 1, 2, 2) vs (1, 1, 5): IMPOSSIBLE
  (1, 1, 1, 2, 2) vs (1, 2, 2, 2): IMPOSSIBLE
  (1, 1, 1, 2, 2) vs (1, 2, 4): IMPOSSIBLE
  (1, 1, 1, 2, 2) vs (1, 3, 3): IMPOSSIBLE
  (1, 1, 1, 2, 2) vs (1, 6): IMPOSSIBLE
  (1, 1, 1, 2, 2) vs (2, 2, 3): COPYCAT FORCED (>= 1)  cc=1: [(3, 5), (6, 10), (9, 15)]
  (1, 1, 1, 2, 2) vs (2, 5): IMPOSSIBLE
  (1, 1, 1, 2, 2) vs (3, 4): COPYCAT FORCED (>= 1)  cc=1: [(6, 15), (8, 20)]; cc=2: [(4, 10)]
  (1, 1, 1, 2, 2) vs (7,): IMPOSSIBLE
  (1, 1, 1, 4) vs (1, 1, 2, 3): IMPOSSIBLE
  (1, 1, 1, 4) vs (1, 1, 5): IMPOSSIBLE
  (1, 1, 1, 4) vs (1, 2, 2, 2): IMPOSSIBLE
  (1, 1, 1, 4) vs (1, 2, 4): IMPOSSIBLE
  (1, 1, 1, 4) vs (1, 3, 3): IMPOSSIBLE
  (1, 1, 1, 4) vs (1, 6): IMPOSSIBLE
  (1, 1, 1, 4) vs (2, 2, 3): SUMS PINNED COPYCAT FORCED (>= 1)  cc=1: [(9, 12)]
  (1, 1, 1, 4) vs (2, 5): COPYCAT FORCED (>= 3)  cc=3: [(7, 14), (8, 16), (9, 18)]
  (1, 1, 1, 4) vs (3, 4): IMPOSSIBLE
  (1, 1, 1, 4) vs (7,): IMPOSSIBLE
  (1, 1, 2, 3) vs (1, 1, 5): IMPOSSIBLE
  (1, 1, 2, 3) vs (1, 2, 2, 2): IMPOSSIBLE
  (1, 1, 2, 3) vs (1, 2, 4): IMPOSSIBLE
  (1, 1, 2, 3) vs (1, 3, 3): IMPOSSIBLE
  (1, 1, 2, 3) vs (1, 6): IMPOSSIBLE
  (1, 1, 2, 3) vs (2, 2, 3): open  cc=0: [(6, 8), (9, 12)]
  (1, 1, 2, 3) vs (2, 5): COPYCAT FORCED (>= 1)  cc=1: [(8, 16), (9, 18)]; cc=2: [(6, 12), (7, 14)]
  (1, 1, 2, 3) vs (3, 4): open  cc=0: [(6, 12), (7, 14), (8, 16), (9, 18)]; cc=2: [(4, 8), (5, 10)]
  (1, 1, 2, 3) vs (7,): COPYCAT FORCED (>= 1)  cc=1: [(8, 32), (9, 36)]
  (1, 1, 5) vs (1, 2, 2, 2): IMPOSSIBLE
  (1, 1, 5) vs (1, 2, 4): IMPOSSIBLE
  (1, 1, 5) vs (1, 3, 3): IMPOSSIBLE
  (1, 1, 5) vs (1, 6): IMPOSSIBLE
  (1, 1, 5) vs (2, 2, 3): IMPOSSIBLE
  (1, 1, 5) vs (2, 5): IMPOSSIBLE
  (1, 1, 5) vs (3, 4): IMPOSSIBLE
  (1, 1, 5) vs (7,): IMPOSSIBLE
  (1, 2, 2, 2) vs (1, 2, 4): IMPOSSIBLE
  (1, 2, 2, 2) vs (1, 3, 3): IMPOSSIBLE
  (1, 2, 2, 2) vs (1, 6): IMPOSSIBLE
  (1, 2, 2, 2) vs (2, 2, 3): open  cc=0: [(9, 12)]; cc=1: [(6, 8)]; cc=2: [(3, 4)]
  (1, 2, 2, 2) vs (2, 5): IMPOSSIBLE
  (1, 2, 2, 2) vs (3, 4): open  cc=0: [(5, 10), (6, 12), (7, 14), (8, 16), (9, 18)]; cc=2: [(4, 8)]
  (1, 2, 2, 2) vs (7,): open  cc=0: [(7, 28), (8, 32), (9, 36)]; cc=2: [(6, 24)]
  (1, 2, 4) vs (1, 3, 3): COPYCAT FORCED (>= 1)  cc=1: [(8, 8), (9, 9)]; cc=2: [(7, 7)]
  (1, 2, 4) vs (1, 6): IMPOSSIBLE
  (1, 2, 4) vs (2, 2, 3): IMPOSSIBLE
  (1, 2, 4) vs (2, 5): SUMS PINNED COPYCAT FORCED (>= 2)  cc=2: [(8, 12)]
  (1, 2, 4) vs (3, 4): SUMS PINNED COPYCAT FORCED (>= 1)  cc=1: [(8, 12)]
  (1, 2, 4) vs (7,): COPYCAT FORCED (>= 2)  cc=2: [(8, 24), (9, 27)]
  (1, 3, 3) vs (1, 6): IMPOSSIBLE
  (1, 3, 3) vs (2, 2, 3): IMPOSSIBLE
  (1, 3, 3) vs (2, 5): SUMS PINNED COPYCAT FORCED (>= 1)  cc=1: [(8, 12)]
  (1, 3, 3) vs (3, 4): open  cc=0: [(8, 12)]; cc=1: [(6, 9)]
  (1, 3, 3) vs (7,): COPYCAT FORCED (>= 1)  cc=1: [(8, 24), (9, 27)]
  (1, 6) vs (2, 2, 3): IMPOSSIBLE
  (1, 6) vs (2, 5): IMPOSSIBLE
  (1, 6) vs (3, 4): IMPOSSIBLE
  (1, 6) vs (7,): IMPOSSIBLE
  (2, 2, 3) vs (2, 5): open  cc=0: [(10, 15)]; cc=1: [(8, 12), (12, 18)]
  (2, 2, 3) vs (3, 4): open  cc=0: [(8, 12), (10, 15), (12, 18), (14, 21), (16, 24)]; cc=1: [(6, 9)]
  (2, 2, 3) vs (7,): open  cc=0: [(10, 30), (11, 33), (12, 36), (13, 39), (14, 42)]; cc=1: [(8, 24), (9, 27), (15, 45)]
  (2, 5) vs (3, 4): open  cc=0: [(15, 15), (16, 16), (17, 17)]; cc=1: [(11, 11), (12, 12), (13, 13), (14, 14), (18, 18)]
  (2, 5) vs (7,): open  cc=0: [(15, 30), (16, 32), (17, 34)]; cc=2: [(11, 22), (12, 24), (13, 26), (14, 28), (18, 36)]
  (3, 4) vs (7,): open  cc=0: [(14, 28), (15, 30), (16, 32), (17, 34), (18, 36), (19, 38), (20, 40), (21, 42)]; cc=1: [(11, 22), (12, 24), (13, 26), (22, 44), (23, 46), (24, 48)]

== length 8: structures [(1, 1, 1, 1, 1, 1, 1, 1), (1, 1, 1, 1, 1, 1, 2), (1, 1, 1, 1, 1, 3), (1, 1, 1, 1, 2, 2), (1, 1, 1, 1, 4), (1, 1, 1, 2, 3), (1, 1, 1, 5), (1, 1, 2, 2, 2), (1, 1, 2, 4), (1, 1, 3, 3), (1, 1, 6), (1, 2, 2, 3), (1, 2, 5), (1, 3, 4), (1, 7), (2, 2, 2, 2), (2, 2, 4), (2, 3, 3), (2, 6), (3, 5), (4, 4), (8,)]
  (1, 1, 1, 1, 1, 1, 1, 1) vs (1, 1, 1, 1, 1, 1, 2): IMPOSSIBLE
  (1, 1, 1, 1, 1, 1, 1, 1) vs (1, 1, 1, 1, 1, 3): IMPOSSIBLE
  (1, 1, 1, 1, 1, 1, 1, 1) vs (1, 1, 1, 1, 2, 2): IMPOSSIBLE
  (1, 1, 1, 1, 1, 1, 1, 1) vs (1, 1, 1, 1, 4): IMPOSSIBLE
  (1, 1, 1, 1, 1, 1, 1, 1) vs (1, 1, 1, 2, 3): IMPOSSIBLE
  (1, 1, 1, 1, 1, 1, 1, 1) vs (1, 1, 1, 5): IMPOSSIBLE
  (1, 1, 1, 1, 1, 1, 1, 1) vs (1, 1, 2, 2, 2): IMPOSSIBLE
  (1, 1, 1, 1, 1, 1, 1, 1) vs (1, 1, 2, 4): IMPOSSIBLE
  (1, 1, 1, 1, 1, 1, 1, 1) vs (1, 1, 3, 3): IMPOSSIBLE
  (1, 1, 1, 1, 1, 1, 1, 1) vs (1, 1, 6): IMPOSSIBLE
  (1, 1, 1, 1, 1, 1, 1, 1) vs (1, 2, 2, 3): IMPOSSIBLE
  (1, 1, 1, 1, 1, 1, 1, 1) vs (1, 2, 5): IMPOSSIBLE
  (1, 1, 1, 1, 1, 1, 1, 1) vs (1, 3, 4): IMPOSSIBLE
  (1, 1, 1, 1, 1, 1, 1, 1) vs (1, 7): IMPOSSIBLE
  (1, 1, 1, 1, 1, 1, 1, 1) vs (2, 2, 2, 2): COPYCAT FORCED (>= 4)  cc=4: [(3, 6), (4, 8), (5, 10), (6, 12), (7, 14), (8, 16), (9, 18)]
  (1, 1, 1, 1, 1, 1, 1, 1) vs (2, 2, 4): IMPOSSIBLE
  (1, 1, 1, 1, 1, 1, 1, 1) vs (2, 3, 3): IMPOSSIBLE
  (1, 1, 1, 1, 1, 1, 1, 1) vs (2, 6): IMPOSSIBLE
  (1, 1, 1, 1, 1, 1, 1, 1) vs (3, 5): IMPOSSIBLE
  (1, 1, 1, 1, 1, 1, 1, 1) vs (4, 4): IMPOSSIBLE
  (1, 1, 1, 1, 1, 1, 1, 1) vs (8,): IMPOSSIBLE
  (1, 1, 1, 1, 1, 1, 2) vs (1, 1, 1, 1, 1, 3): IMPOSSIBLE
  (1, 1, 1, 1, 1, 1, 2) vs (1, 1, 1, 1, 2, 2): IMPOSSIBLE
  (1, 1, 1, 1, 1, 1, 2) vs (1, 1, 1, 1, 4): IMPOSSIBLE
  (1, 1, 1, 1, 1, 1, 2) vs (1, 1, 1, 2, 3): IMPOSSIBLE
  (1, 1, 1, 1, 1, 1, 2) vs (1, 1, 1, 5): IMPOSSIBLE
  (1, 1, 1, 1, 1, 1, 2) vs (1, 1, 2, 2, 2): IMPOSSIBLE
  (1, 1, 1, 1, 1, 1, 2) vs (1, 1, 2, 4): IMPOSSIBLE
  (1, 1, 1, 1, 1, 1, 2) vs (1, 1, 3, 3): IMPOSSIBLE
  (1, 1, 1, 1, 1, 1, 2) vs (1, 1, 6): IMPOSSIBLE
  (1, 1, 1, 1, 1, 1, 2) vs (1, 2, 2, 3): IMPOSSIBLE
  (1, 1, 1, 1, 1, 1, 2) vs (1, 2, 5): IMPOSSIBLE
  (1, 1, 1, 1, 1, 1, 2) vs (1, 3, 4): IMPOSSIBLE
  (1, 1, 1, 1, 1, 1, 2) vs (1, 7): IMPOSSIBLE
  (1, 1, 1, 1, 1, 1, 2) vs (2, 2, 2, 2): IMPOSSIBLE
  (1, 1, 1, 1, 1, 1, 2) vs (2, 2, 4): IMPOSSIBLE
  (1, 1, 1, 1, 1, 1, 2) vs (2, 3, 3): IMPOSSIBLE
  (1, 1, 1, 1, 1, 1, 2) vs (2, 6): IMPOSSIBLE
  (1, 1, 1, 1, 1, 1, 2) vs (3, 5): IMPOSSIBLE
  (1, 1, 1, 1, 1, 1, 2) vs (4, 4): IMPOSSIBLE
  (1, 1, 1, 1, 1, 1, 2) vs (8,): IMPOSSIBLE
  (1, 1, 1, 1, 1, 3) vs (1, 1, 1, 1, 2, 2): IMPOSSIBLE
  (1, 1, 1, 1, 1, 3) vs (1, 1, 1, 1, 4): IMPOSSIBLE
  (1, 1, 1, 1, 1, 3) vs (1, 1, 1, 2, 3): IMPOSSIBLE
  (1, 1, 1, 1, 1, 3) vs (1, 1, 1, 5): IMPOSSIBLE
  (1, 1, 1, 1, 1, 3) vs (1, 1, 2, 2, 2): IMPOSSIBLE
  (1, 1, 1, 1, 1, 3) vs (1, 1, 2, 4): IMPOSSIBLE
  (1, 1, 1, 1, 1, 3) vs (1, 1, 3, 3): IMPOSSIBLE
  (1, 1, 1, 1, 1, 3) vs (1, 1, 6): IMPOSSIBLE
  (1, 1, 1, 1, 1, 3) vs (1, 2, 2, 3): IMPOSSIBLE
  (1, 1, 1, 1, 1, 3) vs (1, 2, 5): IMPOSSIBLE
  (1, 1, 1, 1, 1, 3) vs (1, 3, 4): IMPOSSIBLE
  (1, 1, 1, 1, 1, 3) vs (1, 7): IMPOSSIBLE
  (1, 1, 1, 1, 1, 3) vs (2, 2, 2, 2): IMPOSSIBLE
  (1, 1, 1, 1, 1, 3) vs (2, 2, 4): COPYCAT FORCED (>= 2)  cc=2: [(6, 12), (7, 14), (8, 16), (9, 18)]; cc=4: [(4, 8), (5, 10)]
  (1, 1, 1, 1, 1, 3) vs (2, 3, 3): IMPOSSIBLE
  (1, 1, 1, 1, 1, 3) vs (2, 6): IMPOSSIBLE
  (1, 1, 1, 1, 1, 3) vs (3, 5): IMPOSSIBLE
  (1, 1, 1, 1, 1, 3) vs (4, 4): IMPOSSIBLE
  (1, 1, 1, 1, 1, 3) vs (8,): IMPOSSIBLE
  (1, 1, 1, 1, 2, 2) vs (1, 1, 1, 1, 4): IMPOSSIBLE
  (1, 1, 1, 1, 2, 2) vs (1, 1, 1, 2, 3): IMPOSSIBLE
  (1, 1, 1, 1, 2, 2) vs (1, 1, 1, 5): IMPOSSIBLE
  (1, 1, 1, 1, 2, 2) vs (1, 1, 2, 2, 2): IMPOSSIBLE
  (1, 1, 1, 1, 2, 2) vs (1, 1, 2, 4): IMPOSSIBLE
  (1, 1, 1, 1, 2, 2) vs (1, 1, 3, 3): IMPOSSIBLE
  (1, 1, 1, 1, 2, 2) vs (1, 1, 6): IMPOSSIBLE
  (1, 1, 1, 1, 2, 2) vs (1, 2, 2, 3): IMPOSSIBLE
  (1, 1, 1, 1, 2, 2) vs (1, 2, 5): IMPOSSIBLE
  (1, 1, 1, 1, 2, 2) vs (1, 3, 4): IMPOSSIBLE
  (1, 1, 1, 1, 2, 2) vs (1, 7): IMPOSSIBLE
  (1, 1, 1, 1, 2, 2) vs (2, 2, 2, 2): COPYCAT FORCED (>= 2)  cc=2: [(4, 6), (6, 9), (8, 12)]
  (1, 1, 1, 1, 2, 2) vs (2, 2, 4): COPYCAT FORCED (>= 2)  cc=2: [(5, 10), (6, 12), (7, 14), (8, 16), (9, 18)]; cc=4: [(4, 8)]
  (1, 1, 1, 1, 2, 2) vs (2, 3, 3): COPYCAT FORCED (>= 1)  cc=1: [(3, 6), (4, 8), (5, 10), (6, 12), (7, 14), (8, 16), (9, 18)]
  (1, 1, 1, 1, 2, 2) vs (2, 6): IMPOSSIBLE
  (1, 1, 1, 1, 2, 2) vs (3, 5): IMPOSSIBLE
  (1, 1, 1, 1, 2, 2) vs (4, 4): COPYCAT FORCED (>= 2)  cc=2: [(3, 9), (4, 12), (5, 15), (6, 18), (7, 21), (8, 24), (9, 27)]
  (1, 1, 1, 1, 2, 2) vs (8,): IMPOSSIBLE
  (1, 1, 1, 1, 4) vs (1, 1, 1, 2, 3): IMPOSSIBLE
  (1, 1, 1, 1, 4) vs (1, 1, 1, 5): IMPOSSIBLE
  (1, 1, 1, 1, 4) vs (1, 1, 2, 2, 2): IMPOSSIBLE
  (1, 1, 1, 1, 4) vs (1, 1, 2, 4): IMPOSSIBLE
  (1, 1, 1, 1, 4) vs (1, 1, 3, 3): IMPOSSIBLE
  (1, 1, 1, 1, 4) vs (1, 1, 6): IMPOSSIBLE
  (1, 1, 1, 1, 4) vs (1, 2, 2, 3): IMPOSSIBLE
  (1, 1, 1, 1, 4) vs (1, 2, 5): IMPOSSIBLE
  (1, 1, 1, 1, 4) vs (1, 3, 4): IMPOSSIBLE
  (1, 1, 1, 1, 4) vs (1, 7): IMPOSSIBLE
  (1, 1, 1, 1, 4) vs (2, 2, 2, 2): IMPOSSIBLE
  (1, 1, 1, 1, 4) vs (2, 2, 4): IMPOSSIBLE
  (1, 1, 1, 1, 4) vs (2, 3, 3): IMPOSSIBLE
  (1, 1, 1, 1, 4) vs (2, 6): IMPOSSIBLE
  (1, 1, 1, 1, 4) vs (3, 5): IMPOSSIBLE
  (1, 1, 1, 1, 4) vs (4, 4): IMPOSSIBLE
  (1, 1, 1, 1, 4) vs (8,): IMPOSSIBLE
  (1, 1, 1, 2, 3) vs (1, 1, 1, 5): IMPOSSIBLE
  (1, 1, 1, 2, 3) vs (1, 1, 2, 2, 2): IMPOSSIBLE
  (1, 1, 1, 2, 3) vs (1, 1, 2, 4): IMPOSSIBLE
  (1, 1, 1, 2, 3) vs (1, 1, 3, 3): IMPOSSIBLE
  (1, 1, 1, 2, 3) vs (1, 1, 6): IMPOSSIBLE
  (1, 1, 1, 2, 3) vs (1, 2, 2, 3): IMPOSSIBLE
  (1, 1, 1, 2, 3) vs (1, 2, 5): IMPOSSIBLE
  (1, 1, 1, 2, 3) vs (1, 3, 4): IMPOSSIBLE
  (1, 1, 1, 2, 3) vs (1, 7): IMPOSSIBLE
  (1, 1, 1, 2, 3) vs (2, 2, 2, 2): COPYCAT FORCED (>= 1)  cc=1: [(4, 5), (8, 10)]
  (1, 1, 1, 2, 3) vs (2, 2, 4): open  cc=0: [(9, 15)]; cc=2: [(6, 10)]
  (1, 1, 1, 2, 3) vs (2, 3, 3): open  cc=0: [(9, 15)]; cc=1: [(6, 10)]
  (1, 1, 1, 2, 3) vs (2, 6): IMPOSSIBLE
  (1, 1, 1, 2, 3) vs (3, 5): COPYCAT FORCED (>= 1)  cc=1: [(8, 20)]; cc=2: [(6, 15)]
  (1, 1, 1, 2, 3) vs (4, 4): COPYCAT FORCED (>= 1)  cc=1: [(6, 15), (8, 20)]
  (1, 1, 1, 2, 3) vs (8,): IMPOSSIBLE
  (1, 1, 1, 5) vs (1, 1, 2, 2, 2): IMPOSSIBLE
  (1, 1, 1, 5) vs (1, 1, 2, 4): IMPOSSIBLE
  (1, 1, 1, 5) vs (1, 1, 3, 3): IMPOSSIBLE
  (1, 1, 1, 5) vs (1, 1, 6): IMPOSSIBLE
  (1, 1, 1, 5) vs (1, 2, 2, 3): IMPOSSIBLE
  (1, 1, 1, 5) vs (1, 2, 5): IMPOSSIBLE
  (1, 1, 1, 5) vs (1, 3, 4): IMPOSSIBLE
  (1, 1, 1, 5) vs (1, 7): IMPOSSIBLE
  (1, 1, 1, 5) vs (2, 2, 2, 2): IMPOSSIBLE
  (1, 1, 1, 5) vs (2, 2, 4): IMPOSSIBLE
  (1, 1, 1, 5) vs (2, 3, 3): IMPOSSIBLE
  (1, 1, 1, 5) vs (2, 6): IMPOSSIBLE
  (1, 1, 1, 5) vs (3, 5): IMPOSSIBLE
  (1, 1, 1, 5) vs (4, 4): IMPOSSIBLE
  (1, 1, 1, 5) vs (8,): IMPOSSIBLE
  (1, 1, 2, 2, 2) vs (1, 1, 2, 4): IMPOSSIBLE
  (1, 1, 2, 2, 2) vs (1, 1, 3, 3): IMPOSSIBLE
  (1, 1, 2, 2, 2) vs (1, 1, 6): IMPOSSIBLE
  (1, 1, 2, 2, 2) vs (1, 2, 2, 3): IMPOSSIBLE
  (1, 1, 2, 2, 2) vs (1, 2, 5): IMPOSSIBLE
  (1, 1, 2, 2, 2) vs (1, 3, 4): IMPOSSIBLE
  (1, 1, 2, 2, 2) vs (1, 7): IMPOSSIBLE
  (1, 1, 2, 2, 2) vs (2, 2, 2, 2): COPYCAT FORCED (>= 1)  cc=1: [(4, 5), (8, 10)]
  (1, 1, 2, 2, 2) vs (2, 2, 4): open  cc=0: [(9, 15)]; cc=1: [(6, 10)]
  (1, 1, 2, 2, 2) vs (2, 3, 3): open  cc=0: [(9, 15)]; cc=1: [(6, 10)]; cc=2: [(3, 5)]
  (1, 1, 2, 2, 2) vs (2, 6): IMPOSSIBLE
  (1, 1, 2, 2, 2) vs (3, 5): open  cc=0: [(8, 20)]; cc=1: [(6, 15)]
  (1, 1, 2, 2, 2) vs (4, 4): open  cc=0: [(8, 20)]; cc=1: [(4, 10), (6, 15)]
  (1, 1, 2, 2, 2) vs (8,): COPYCAT FORCED (>= 1)  cc=1: [(7, 35), (8, 40), (9, 45)]
  (1, 1, 2, 4) vs (1, 1, 3, 3): COPYCAT FORCED (>= 1)  cc=1: [(8, 8), (9, 9)]; cc=2: [(7, 7)]
  (1, 1, 2, 4) vs (1, 1, 6): IMPOSSIBLE
  (1, 1, 2, 4) vs (1, 2, 2, 3): IMPOSSIBLE
  (1, 1, 2, 4) vs (1, 2, 5): IMPOSSIBLE
  (1, 1, 2, 4) vs (1, 3, 4): IMPOSSIBLE
  (1, 1, 2, 4) vs (1, 7): IMPOSSIBLE
  (1, 1, 2, 4) vs (2, 2, 2, 2): IMPOSSIBLE
  (1, 1, 2, 4) vs (2, 2, 4): SUMS PINNED COPYCAT FORCED (>= 1)  cc=1: [(9, 12)]
  (1, 1, 2, 4) vs (2, 3, 3): SUMS PINNED COPYCAT FORCED (>= 1)  cc=1: [(9, 12)]
  (1, 1, 2, 4) vs (2, 6): COPYCAT FORCED (>= 3)  cc=3: [(8, 16), (9, 18)]
  (1, 1, 2, 4) vs (3, 5): COPYCAT FORCED (>= 2)  cc=2: [(7, 14), (8, 16), (9, 18)]
  (1, 1, 2, 4) vs (4, 4): COPYCAT FORCED (>= 1)  cc=1: [(8, 16), (9, 18)]; cc=2: [(7, 14)]
  (1, 1, 2, 4) vs (8,): IMPOSSIBLE
  (1, 1, 3, 3) vs (1, 1, 6): IMPOSSIBLE
  (1, 1, 3, 3) vs (1, 2, 2, 3): IMPOSSIBLE
  (1, 1, 3, 3) vs (1, 2, 5): IMPOSSIBLE
  (1, 1, 3, 3) vs (1, 3, 4): IMPOSSIBLE
  (1, 1, 3, 3) vs (1, 7): IMPOSSIBLE
  (1, 1, 3, 3) vs (2, 2, 2, 2): IMPOSSIBLE
  (1, 1, 3, 3) vs (2, 2, 4): SUMS PINNED  cc=0: [(9, 12)]
  (1, 1, 3, 3) vs (2, 3, 3): open  cc=0: [(9, 12)]; cc=2: [(6, 8)]
  (1, 1, 3, 3) vs (2, 6): COPYCAT FORCED (>= 2)  cc=2: [(8, 16), (9, 18)]
  (1, 1, 3, 3) vs (3, 5): COPYCAT FORCED (>= 1)  cc=1: [(8, 16), (9, 18)]; cc=2: [(7, 14)]
  (1, 1, 3, 3) vs (4, 4): open  cc=0: [(6, 12), (7, 14), (8, 16), (9, 18)]; cc=4: [(4, 8), (5, 10)]
  (1, 1, 3, 3) vs (8,): IMPOSSIBLE
  (1, 1, 6) vs (1, 2, 2, 3): IMPOSSIBLE
  (1, 1, 6) vs (1, 2, 5): IMPOSSIBLE
  (1, 1, 6) vs (1, 3, 4): IMPOSSIBLE
  (1, 1, 6) vs (1, 7): IMPOSSIBLE
  (1, 1, 6) vs (2, 2, 2, 2): IMPOSSIBLE
  (1, 1, 6) vs (2, 2, 4): IMPOSSIBLE
  (1, 1, 6) vs (2, 3, 3): IMPOSSIBLE
  (1, 1, 6) vs (2, 6): IMPOSSIBLE
  (1, 1, 6) vs (3, 5): IMPOSSIBLE
  (1, 1, 6) vs (4, 4): IMPOSSIBLE
  (1, 1, 6) vs (8,): IMPOSSIBLE
  (1, 2, 2, 3) vs (1, 2, 5): IMPOSSIBLE
  (1, 2, 2, 3) vs (1, 3, 4): IMPOSSIBLE
  (1, 2, 2, 3) vs (1, 7): IMPOSSIBLE
  (1, 2, 2, 3) vs (2, 2, 2, 2): IMPOSSIBLE
  (1, 2, 2, 3) vs (2, 2, 4): open  cc=0: [(9, 12)]; cc=1: [(6, 8)]
  (1, 2, 2, 3) vs (2, 3, 3): open  cc=0: [(6, 8), (9, 12)]
  (1, 2, 2, 3) vs (2, 6): IMPOSSIBLE
  (1, 2, 2, 3) vs (3, 5): open  cc=0: [(8, 16), (9, 18)]; cc=1: [(6, 12), (7, 14)]
  (1, 2, 2, 3) vs (4, 4): open  cc=0: [(6, 12), (7, 14), (8, 16), (9, 18)]; cc=2: [(5, 10)]; cc=4: [(4, 8)]
  (1, 2, 2, 3) vs (8,): COPYCAT FORCED (>= 1)  cc=1: [(8, 32), (9, 36)]
  (1, 2, 5) vs (1, 3, 4): IMPOSSIBLE
  (1, 2, 5) vs (1, 7): IMPOSSIBLE
  (1, 2, 5) vs (2, 2, 2, 2): IMPOSSIBLE
  (1, 2, 5) vs (2, 2, 4): IMPOSSIBLE
  (1, 2, 5) vs (2, 3, 3): IMPOSSIBLE
  (1, 2, 5) vs (2, 6): IMPOSSIBLE
  (1, 2, 5) vs (3, 5): IMPOSSIBLE
  (1, 2, 5) vs (4, 4): IMPOSSIBLE
  (1, 2, 5) vs (8,): IMPOSSIBLE
  (1, 3, 4) vs (1, 7): IMPOSSIBLE
  (1, 3, 4) vs (2, 2, 2, 2): IMPOSSIBLE
  (1, 3, 4) vs (2, 2, 4): IMPOSSIBLE
  (1, 3, 4) vs (2, 3, 3): IMPOSSIBLE
  (1, 3, 4) vs (2, 6): IMPOSSIBLE
  (1, 3, 4) vs (3, 5): SUMS PINNED COPYCAT FORCED (>= 2)  cc=2: [(8, 12)]
  (1, 3, 4) vs (4, 4): SUMS PINNED COPYCAT FORCED (>= 2)  cc=2: [(8, 12)]
  (1, 3, 4) vs (8,): IMPOSSIBLE
  (1, 7) vs (2, 2, 2, 2): IMPOSSIBLE
  (1, 7) vs (2, 2, 4): IMPOSSIBLE
  (1, 7) vs (2, 3, 3): IMPOSSIBLE
  (1, 7) vs (2, 6): IMPOSSIBLE
  (1, 7) vs (3, 5): IMPOSSIBLE
  (1, 7) vs (4, 4): IMPOSSIBLE
  (1, 7) vs (8,): IMPOSSIBLE
  (2, 2, 2, 2) vs (2, 2, 4): open  cc=0: [(9, 12)]; cc=2: [(6, 8), (12, 16)]
  (2, 2, 2, 2) vs (2, 3, 3): open  cc=0: [(9, 12), (12, 16)]; cc=1: [(6, 8)]; cc=3: [(3, 4)]
  (2, 2, 2, 2) vs (2, 6): IMPOSSIBLE
  (2, 2, 2, 2) vs (3, 5): open  cc=0: [(9, 18), (10, 20), (11, 22)]; cc=1: [(7, 14), (8, 16), (12, 24)]; cc=2: [(6, 12), (13, 26)]
  (2, 2, 2, 2) vs (4, 4): open  cc=0: [(5, 10), (6, 12), (7, 14), (8, 16), (9, 18), (10, 20), (11, 22), (12, 24), (13, 26), (14, 28), (15, 30)]; cc=4: [(4, 8), (16, 32)]
  (2, 2, 2, 2) vs (8,): open  cc=0: [(9, 36), (10, 40), (11, 44)]; cc=2: [(8, 32), (12, 48)]
  (2, 2, 4) vs (2, 3, 3): open  cc=0: [(11, 11), (12, 12), (13, 13), (14, 14), (15, 15), (16, 16), (17, 17)]; cc=1: [(8, 8), (9, 9), (10, 10)]; cc=2: [(7, 7)]; cc=3: [(18, 18)]
  (2, 2, 4) vs (2, 6): SUMS PINNED COPYCAT FORCED (>= 2)  cc=2: [(12, 18)]
  (2, 2, 4) vs (3, 5): open  cc=0: [(12, 18), (14, 21), (16, 24)]; cc=1: [(10, 15)]; cc=2: [(8, 12)]
  (2, 2, 4) vs (4, 4): open  cc=0: [(10, 15), (12, 18), (14, 21), (16, 24)]; cc=1: [(8, 12)]; cc=4: [(18, 27)]
  (2, 2, 4) vs (8,): open  cc=0: [(12, 36), (13, 39), (14, 42)]; cc=1: [(11, 33), (15, 45)]; cc=2: [(10, 30), (16, 48)]
  (2, 3, 3) vs (2, 6): SUMS PINNED COPYCAT FORCED (>= 2)  cc=2: [(12, 18)]
  (2, 3, 3) vs (3, 5): open  cc=0: [(10, 15), (12, 18), (14, 21), (16, 24)]; cc=1: [(8, 12)]
  (2, 3, 3) vs (4, 4): open  cc=0: [(8, 12), (10, 15), (12, 18), (14, 21), (16, 24)]; cc=1: [(18, 27)]; cc=2: [(6, 9)]
  (2, 3, 3) vs (8,): open  cc=0: [(12, 36), (13, 39), (14, 42)]; cc=1: [(10, 30), (11, 33), (15, 45), (16, 48), (17, 51)]
  (2, 6) vs (3, 5): COPYCAT FORCED (>= 2)  cc=2: [(16, 16), (17, 17)]; cc=3: [(18, 18)]
  (2, 6) vs (4, 4): COPYCAT FORCED (>= 1)  cc=1: [(16, 16), (17, 17)]; cc=2: [(18, 18)]
  (2, 6) vs (8,): COPYCAT FORCED (>= 2)  cc=2: [(16, 32), (17, 34)]
  (3, 5) vs (4, 4): open  cc=0: [(15, 15), (16, 16), (17, 17), (18, 18), (19, 19), (20, 20), (21, 21), (22, 22), (23, 23), (24, 24)]; cc=1: [(12, 12), (13, 13), (14, 14), (25, 25), (26, 26)]; cc=2: [(11, 11)]
  (3, 5) vs (8,): open  cc=0: [(18, 36), (19, 38), (20, 40), (21, 42), (22, 44)]; cc=1: [(15, 30), (16, 32), (17, 34), (23, 46), (24, 48)]; cc=2: [(25, 50)]
  (4, 4) vs (8,): open  cc=0: [(18, 36), (19, 38), (20, 40), (21, 42), (22, 44)]; cc=1: [(15, 30), (16, 32), (17, 34), (23, 46), (24, 48), (25, 50)]
